/Users/zishanmalik/curiosity_cottage_quant/.venv/lib/python3.14/site-packages/langchain_core/_api/deprecation.py:26: UserWarning: Core Pydantic V1 functionality isn't compatible with Python 3.14 or greater.
  from pydantic.v1.fields import FieldInfo as FieldInfoV1
2025-12-16 00:39:21,912 - 🧪 STARTING WHITE BOX FULL SYSTEM TEST
2025-12-16 00:39:22,055 - 📊 Loaded 250 bars for SPY
2025-12-16 00:39:22,056 - TiingoAdapter initialization failed: Tiingo API Key (TIINGO_API_KEY) must be set.
2025-12-16 00:39:22,056 - 🧪 AnalystStrategy initialized (mock_llm=True, mock_sentiment=True)
2025-12-16 00:39:22,056 - 🚀 Running Simulation...
2025-12-16 00:39:22,056 - 🚀 Starting Backtest with 10ms agent latency...
2025-12-16 00:39:22,754 - 🔮 Chronos forecast: 10 steps, median range [588.01, 600.99]
2025-12-16 00:39:22,754 - 🔮 Chronos: Bearish trend, Low confidence
2025-12-16 00:39:22,754 - 📰 Fetching news for SPY...
2025-12-16 00:39:22,754 - 📊 FinBERT: neutral (0.00) from 1 headlines
2025-12-16 00:39:23,375 - 🔮 Chronos forecast: 10 steps, median range [587.92, 596.56]
2025-12-16 00:39:23,375 - 🔮 Chronos: Bearish trend, Low confidence
2025-12-16 00:39:23,375 - 📰 Fetching news for SPY...
2025-12-16 00:39:23,375 - 📊 FinBERT: neutral (0.00) from 1 headlines
2025-12-16 00:39:24,007 - 🔮 Chronos forecast: 10 steps, median range [583.45, 594.25]
2025-12-16 00:39:24,008 - 🔮 Chronos: Bearish trend, Low confidence
2025-12-16 00:39:24,008 - 📰 Fetching news for SPY...
2025-12-16 00:39:24,008 - 📊 FinBERT: neutral (0.00) from 1 headlines
2025-12-16 00:39:24,570 - 🔮 Chronos forecast: 10 steps, median range [588.35, 597.00]
2025-12-16 00:39:24,570 - 🔮 Chronos: Bearish trend, Low confidence
2025-12-16 00:39:24,570 - 📰 Fetching news for SPY...
2025-12-16 00:39:24,570 - 📊 FinBERT: neutral (0.00) from 1 headlines
2025-12-16 00:39:25,129 - 🔮 Chronos forecast: 10 steps, median range [589.01, 597.67]
2025-12-16 00:39:25,129 - 🔮 Chronos: Bearish trend, Low confidence
2025-12-16 00:39:25,129 - 📰 Fetching news for SPY...
2025-12-16 00:39:25,129 - 📊 FinBERT: neutral (0.00) from 1 headlines
2025-12-16 00:39:25,718 - 🔮 Chronos forecast: 10 steps, median range [593.84, 602.51]
2025-12-16 00:39:25,718 - 🔮 Chronos: Bearish trend, Low confidence
2025-12-16 00:39:25,718 - 📰 Fetching news for SPY...
2025-12-16 00:39:25,718 - 📊 FinBERT: neutral (0.00) from 1 headlines
2025-12-16 00:39:26,359 - 🔮 Chronos forecast: 10 steps, median range [589.71, 598.38]
2025-12-16 00:39:26,360 - 🔮 Chronos: Bullish trend, Low confidence
2025-12-16 00:39:26,360 - 📰 Fetching news for SPY...
2025-12-16 00:39:26,360 - 📊 FinBERT: neutral (0.00) from 1 headlines
2025-12-16 00:39:27,223 - 🔮 Chronos forecast: 10 steps, median range [598.50, 600.67]
2025-12-16 00:39:27,223 - 🔮 Chronos: Bearish trend, Low confidence
2025-12-16 00:39:27,223 - 📰 Fetching news for SPY...
2025-12-16 00:39:27,223 - 📊 FinBERT: neutral (0.00) from 1 headlines
2025-12-16 00:39:27,932 - 🔮 Chronos forecast: 10 steps, median range [589.95, 602.97]
2025-12-16 00:39:27,933 - 🔮 Chronos: Bullish trend, Low confidence
2025-12-16 00:39:27,933 - 📰 Fetching news for SPY...
2025-12-16 00:39:27,933 - 📊 FinBERT: neutral (0.00) from 1 headlines
2025-12-16 00:39:28,590 - 🔮 Chronos forecast: 10 steps, median range [596.74, 607.59]
2025-12-16 00:39:28,590 - 🔮 Chronos: Bullish trend, Low confidence
2025-12-16 00:39:28,590 - 📰 Fetching news for SPY...
2025-12-16 00:39:28,590 - 📊 FinBERT: neutral (0.00) from 1 headlines
2025-12-16 00:39:29,208 - 🔮 Chronos forecast: 10 steps, median range [597.46, 603.97]
2025-12-16 00:39:29,208 - 🔮 Chronos: Bearish trend, Low confidence
2025-12-16 00:39:29,208 - 📰 Fetching news for SPY...
2025-12-16 00:39:29,208 - 📊 FinBERT: neutral (0.00) from 2 headlines
2025-12-16 00:39:29,751 - 🔮 Chronos forecast: 10 steps, median range [600.42, 604.77]
2025-12-16 00:39:29,751 - 🔮 Chronos: Bearish trend, Low confidence
2025-12-16 00:39:29,751 - 📰 Fetching news for SPY...
2025-12-16 00:39:29,751 - 📊 FinBERT: neutral (0.00) from 1 headlines
2025-12-16 00:39:30,356 - 🔮 Chronos forecast: 10 steps, median range [601.32, 605.67]
2025-12-16 00:39:30,356 - 🔮 Chronos: Bearish trend, Low confidence
2025-12-16 00:39:30,356 - 📰 Fetching news for SPY...
2025-12-16 00:39:30,356 - 📊 FinBERT: neutral (0.00) from 1 headlines
2025-12-16 00:39:31,006 - 🔮 Chronos forecast: 10 steps, median range [606.38, 608.56]
2025-12-16 00:39:31,006 - 🔮 Chronos: Bearish trend, Low confidence
2025-12-16 00:39:31,006 - 📰 Fetching news for SPY...
2025-12-16 00:39:31,006 - 📊 FinBERT: neutral (0.00) from 1 headlines
2025-12-16 00:39:31,584 - 🔮 Chronos forecast: 10 steps, median range [598.15, 606.89]
2025-12-16 00:39:31,584 - 🔮 Chronos: Bearish trend, Low confidence
2025-12-16 00:39:31,584 - 📰 Fetching news for SPY...
2025-12-16 00:39:31,584 - 📊 FinBERT: neutral (0.00) from 1 headlines
2025-12-16 00:39:32,179 - 🔮 Chronos forecast: 10 steps, median range [594.16, 600.71]
2025-12-16 00:39:32,179 - 🔮 Chronos: Bullish trend, Low confidence
2025-12-16 00:39:32,179 - 📰 Fetching news for SPY...
2025-12-16 00:39:32,179 - 📊 FinBERT: neutral (0.00) from 2 headlines
2025-12-16 00:39:32,801 - 🔮 Chronos forecast: 10 steps, median range [590.04, 598.79]
2025-12-16 00:39:32,801 - 🔮 Chronos: Bullish trend, Low confidence
2025-12-16 00:39:32,801 - 📰 Fetching news for SPY...
2025-12-16 00:39:32,801 - 📊 FinBERT: neutral (0.00) from 1 headlines
2025-12-16 00:39:33,417 - 🔮 Chronos forecast: 10 steps, median range [590.49, 601.43]
2025-12-16 00:39:33,417 - 🔮 Chronos: Bullish trend, Low confidence
2025-12-16 00:39:33,417 - 📰 Fetching news for SPY...
2025-12-16 00:39:33,417 - 📊 FinBERT: neutral (0.00) from 1 headlines
2025-12-16 00:39:34,000 - 🔮 Chronos forecast: 10 steps, median range [590.92, 599.68]
2025-12-16 00:39:34,000 - 🔮 Chronos: Bullish trend, Low confidence
2025-12-16 00:39:34,000 - 📰 Fetching news for SPY...
2025-12-16 00:39:34,000 - 📊 FinBERT: neutral (0.00) from 1 headlines
2025-12-16 00:39:34,638 - 🔮 Chronos forecast: 10 steps, median range [577.88, 595.40]
2025-12-16 00:39:34,638 - 🔮 Chronos: Bullish trend, Low confidence
2025-12-16 00:39:34,638 - 📰 Fetching news for SPY...
2025-12-16 00:39:34,638 - 📊 FinBERT: neutral (0.00) from 2 headlines
2025-12-16 00:39:35,191 - 🔮 Chronos forecast: 10 steps, median range [586.68, 599.82]
2025-12-16 00:39:35,191 - 🔮 Chronos: Bearish trend, Low confidence
2025-12-16 00:39:35,191 - 📰 Fetching news for SPY...
2025-12-16 00:39:35,191 - 📊 FinBERT: neutral (0.00) from 2 headlines
2025-12-16 00:39:35,757 - 🔮 Chronos forecast: 10 steps, median range [582.05, 590.81]
2025-12-16 00:39:35,758 - 🔮 Chronos: Bullish trend, Low confidence
2025-12-16 00:39:35,758 - 📰 Fetching news for SPY...
2025-12-16 00:39:35,758 - 📊 FinBERT: neutral (0.00) from 2 headlines
2025-12-16 00:39:36,391 - 🔮 Chronos forecast: 10 steps, median range [566.09, 574.83]
2025-12-16 00:39:36,391 - 🔮 Chronos: Bullish trend, Low confidence
2025-12-16 00:39:36,391 - 📰 Fetching news for SPY...
2025-12-16 00:39:36,391 - 📊 FinBERT: neutral (0.00) from 2 headlines
2025-12-16 00:39:36,962 - 🔮 Chronos forecast: 10 steps, median range [572.01, 582.92]
2025-12-16 00:39:36,962 - 🔮 Chronos: Bearish trend, Low confidence
2025-12-16 00:39:36,962 - 📰 Fetching news for SPY...
2025-12-16 00:39:36,962 - 📊 FinBERT: neutral (0.00) from 2 headlines
2025-12-16 00:39:37,643 - 🔮 Chronos forecast: 10 steps, median range [568.76, 577.48]
2025-12-16 00:39:37,643 - 🔮 Chronos: Bullish trend, Low confidence
2025-12-16 00:39:37,643 - 📰 Fetching news for SPY...
2025-12-16 00:39:37,643 - 📊 FinBERT: neutral (0.00) from 2 headlines
2025-12-16 00:39:38,441 - 🔮 Chronos forecast: 10 steps, median range [569.86, 578.56]
2025-12-16 00:39:38,441 - 🔮 Chronos: Bullish trend, Low confidence
2025-12-16 00:39:38,442 - 📰 Fetching news for SPY...
2025-12-16 00:39:38,442 - 📊 FinBERT: neutral (0.00) from 1 headlines
2025-12-16 00:39:39,057 - 🔮 Chronos forecast: 10 steps, median range [551.01, 559.68]
2025-12-16 00:39:39,058 - 🔮 Chronos: Bearish trend, Low confidence
2025-12-16 00:39:39,058 - 📰 Fetching news for SPY...
2025-12-16 00:39:39,058 - 📊 FinBERT: neutral (0.00) from 2 headlines
2025-12-16 00:39:39,600 - 🔮 Chronos forecast: 10 steps, median range [530.19, 547.50]
2025-12-16 00:39:39,600 - 🔮 Chronos: Bearish trend, Low confidence
2025-12-16 00:39:39,600 - 📰 Fetching news for SPY...
2025-12-16 00:39:39,600 - 📊 FinBERT: neutral (0.00) from 1 headlines
2025-12-16 00:39:40,230 - 🔮 Chronos forecast: 10 steps, median range [546.11, 554.74]
2025-12-16 00:39:40,230 - 🔮 Chronos: Bearish trend, Low confidence
2025-12-16 00:39:40,230 - 📰 Fetching news for SPY...
2025-12-16 00:39:40,230 - 📊 FinBERT: neutral (0.00) from 1 headlines
2025-12-16 00:39:40,859 - 🔮 Chronos forecast: 10 steps, median range [542.41, 546.71]
2025-12-16 00:39:40,859 - 🔮 Chronos: Bullish trend, Low confidence
2025-12-16 00:39:40,859 - 📰 Fetching news for SPY...
2025-12-16 00:39:40,859 - 📊 FinBERT: neutral (0.00) from 2 headlines
2025-12-16 00:39:41,461 - 🔮 Chronos forecast: 10 steps, median range [554.00, 560.45]
2025-12-16 00:39:41,461 - 🔮 Chronos: Bullish trend, Low confidence
2025-12-16 00:39:41,461 - 📰 Fetching news for SPY...
2025-12-16 00:39:41,461 - 📊 FinBERT: neutral (0.00) from 2 headlines
2025-12-16 00:39:42,070 - 🔮 Chronos forecast: 10 steps, median range [561.49, 567.92]
2025-12-16 00:39:42,070 - 🔮 Chronos: Bullish trend, Low confidence
2025-12-16 00:39:42,070 - 📰 Fetching news for SPY...
2025-12-16 00:39:42,070 - 📊 FinBERT: neutral (0.00) from 1 headlines
2025-12-16 00:39:42,722 - 🔮 Chronos forecast: 10 steps, median range [556.05, 560.33]
2025-12-16 00:39:42,722 - 🔮 Chronos: Bullish trend, Low confidence
2025-12-16 00:39:42,722 - 📰 Fetching news for SPY...
2025-12-16 00:39:42,722 - 📊 FinBERT: neutral (0.00) from 2 headlines
2025-12-16 00:39:43,357 - 🔮 Chronos forecast: 10 steps, median range [559.23, 565.63]
2025-12-16 00:39:43,357 - 🔮 Chronos: Bullish trend, Low confidence
2025-12-16 00:39:43,357 - 📰 Fetching news for SPY...
2025-12-16 00:39:43,357 - 📊 FinBERT: neutral (0.00) from 2 headlines
2025-12-16 00:39:43,993 - 🔮 Chronos forecast: 10 steps, median range [553.74, 562.26]
2025-12-16 00:39:43,993 - 🔮 Chronos: Bearish trend, Low confidence
2025-12-16 00:39:43,993 - 📰 Fetching news for SPY...
2025-12-16 00:39:43,993 - 📊 FinBERT: neutral (0.00) from 1 headlines
2025-12-16 00:39:44,546 - 🔮 Chronos forecast: 10 steps, median range [558.83, 565.21]
2025-12-16 00:39:44,546 - 🔮 Chronos: Bullish trend, Low confidence
2025-12-16 00:39:44,546 - 📰 Fetching news for SPY...
2025-12-16 00:39:44,546 - 📊 FinBERT: neutral (0.00) from 1 headlines
2025-12-16 00:39:45,086 - 🔮 Chronos forecast: 10 steps, median range [570.77, 577.13]
2025-12-16 00:39:45,087 - 🔮 Chronos: Bullish trend, Low confidence
2025-12-16 00:39:45,087 - 📰 Fetching news for SPY...
2025-12-16 00:39:45,087 - 📊 FinBERT: neutral (0.00) from 2 headlines
2025-12-16 00:39:45,676 - 🔮 Chronos forecast: 10 steps, median range [569.87, 576.22]
2025-12-16 00:39:45,676 - 🔮 Chronos: Bullish trend, Low confidence
2025-12-16 00:39:45,676 - 📰 Fetching news for SPY...
2025-12-16 00:39:45,676 - 📊 FinBERT: neutral (0.00) from 1 headlines
2025-12-16 00:39:46,479 - 🔮 Chronos forecast: 10 steps, median range [562.38, 570.84]
2025-12-16 00:39:46,480 - 🔮 Chronos: Bearish trend, Low confidence
2025-12-16 00:39:46,480 - 📰 Fetching news for SPY...
2025-12-16 00:39:46,480 - 📊 FinBERT: neutral (0.00) from 2 headlines
2025-12-16 00:39:46,481 - 📡 Signal: BUY SPY (confidence: 1.00)
2025-12-16 00:39:47,143 - 🔮 Chronos forecast: 10 steps, median range [561.27, 565.49]
2025-12-16 00:39:47,143 - 🔮 Chronos: Bearish trend, Low confidence
2025-12-16 00:39:47,143 - 📰 Fetching news for SPY...
2025-12-16 00:39:47,143 - 📊 FinBERT: neutral (0.00) from 1 headlines
2025-12-16 00:39:47,144 - 📈 BUY 177 SPY FILLED @ $569.73 (commission: $1.00)
2025-12-16 00:39:47,801 - 🔮 Chronos forecast: 10 steps, median range [551.17, 555.37]
2025-12-16 00:39:47,801 - 🔮 Chronos: Bearish trend, Low confidence
2025-12-16 00:39:47,801 - 📰 Fetching news for SPY...
2025-12-16 00:39:47,801 - 📊 FinBERT: neutral (0.00) from 2 headlines
2025-12-16 00:39:48,547 - 🔮 Chronos forecast: 10 steps, median range [551.72, 562.21]
2025-12-16 00:39:48,547 - 🔮 Chronos: Bearish trend, Low confidence
2025-12-16 00:39:48,547 - 📰 Fetching news for SPY...
2025-12-16 00:39:48,547 - 📊 FinBERT: neutral (0.00) from 1 headlines
2025-12-16 00:39:49,137 - 🔮 Chronos forecast: 10 steps, median range [556.44, 560.63]
2025-12-16 00:39:49,137 - 🔮 Chronos: Bearish trend, Low confidence
2025-12-16 00:39:49,137 - 📰 Fetching news for SPY...
2025-12-16 00:39:49,137 - 📊 FinBERT: neutral (0.00) from 1 headlines
2025-12-16 00:39:49,687 - 🔮 Chronos forecast: 10 steps, median range [559.11, 569.54]
2025-12-16 00:39:49,687 - 🔮 Chronos: Bullish trend, Low confidence
2025-12-16 00:39:49,687 - 📰 Fetching news for SPY...
2025-12-16 00:39:49,687 - 📊 FinBERT: neutral (0.00) from 1 headlines
2025-12-16 00:39:50,273 - 🔮 Chronos forecast: 10 steps, median range [542.23, 548.46]
2025-12-16 00:39:50,273 - 🔮 Chronos: Bullish trend, Low confidence
2025-12-16 00:39:50,273 - 📰 Fetching news for SPY...
2025-12-16 00:39:50,273 - 📊 FinBERT: neutral (0.00) from 2 headlines
2025-12-16 00:39:50,875 - 🔮 Chronos forecast: 10 steps, median range [500.02, 520.69]
2025-12-16 00:39:50,875 - 🔮 Chronos: Bullish trend, Low confidence
2025-12-16 00:39:50,875 - 📰 Fetching news for SPY...
2025-12-16 00:39:50,875 - 📊 FinBERT: neutral (0.00) from 2 headlines
2025-12-16 00:39:51,597 - 🔮 Chronos forecast: 10 steps, median range [493.24, 503.51]
2025-12-16 00:39:51,598 - 🔮 Chronos: Bullish trend, Low confidence
2025-12-16 00:39:51,598 - 📰 Fetching news for SPY...
2025-12-16 00:39:51,598 - 📊 FinBERT: neutral (0.00) from 1 headlines
2025-12-16 00:39:52,181 - 🔮 Chronos forecast: 10 steps, median range [490.44, 496.57]
2025-12-16 00:39:52,181 - 🔮 Chronos: Bearish trend, Low confidence
2025-12-16 00:39:52,181 - 📰 Fetching news for SPY...
2025-12-16 00:39:52,181 - 📊 FinBERT: neutral (0.00) from 2 headlines
2025-12-16 00:39:52,817 - 🔮 Chronos forecast: 10 steps, median range [529.91, 544.18]
2025-12-16 00:39:52,818 - 🔮 Chronos: Bearish trend, Low confidence
2025-12-16 00:39:52,818 - 📰 Fetching news for SPY...
2025-12-16 00:39:52,818 - 📊 FinBERT: neutral (0.00) from 2 headlines
2025-12-16 00:39:53,460 - 🔮 Chronos forecast: 10 steps, median range [491.50, 526.03]
2025-12-16 00:39:53,460 - 🔮 Chronos: Bullish trend, Low confidence
2025-12-16 00:39:53,460 - 📰 Fetching news for SPY...
2025-12-16 00:39:53,460 - 📊 FinBERT: neutral (0.00) from 2 headlines
2025-12-16 00:39:54,254 - 🔮 Chronos forecast: 10 steps, median range [514.07, 534.31]
2025-12-16 00:39:54,255 - 🔮 Chronos: Bearish trend, Low confidence
2025-12-16 00:39:54,255 - 📰 Fetching news for SPY...
2025-12-16 00:39:54,255 - 📊 FinBERT: neutral (0.00) from 2 headlines
2025-12-16 00:39:54,856 - 🔮 Chronos forecast: 10 steps, median range [526.88, 543.03]
2025-12-16 00:39:54,857 - 🔮 Chronos: Bearish trend, Low confidence
2025-12-16 00:39:54,857 - 📰 Fetching news for SPY...
2025-12-16 00:39:54,857 - 📊 FinBERT: neutral (0.00) from 1 headlines
2025-12-16 00:39:55,451 - 🔮 Chronos forecast: 10 steps, median range [535.76, 553.88]
2025-12-16 00:39:55,452 - 🔮 Chronos: Bullish trend, Low confidence
2025-12-16 00:39:55,452 - 📰 Fetching news for SPY...
2025-12-16 00:39:55,452 - 📊 FinBERT: neutral (0.00) from 1 headlines
2025-12-16 00:39:56,219 - 🔮 Chronos forecast: 10 steps, median range [505.86, 529.94]
2025-12-16 00:39:56,219 - 🔮 Chronos: Bearish trend, Low confidence
2025-12-16 00:39:56,219 - 📰 Fetching news for SPY...
2025-12-16 00:39:56,219 - 📊 FinBERT: neutral (0.00) from 2 headlines
2025-12-16 00:39:56,833 - 🔮 Chronos forecast: 10 steps, median range [520.51, 532.52]
2025-12-16 00:39:56,834 - 🔮 Chronos: Bullish trend, Low confidence
2025-12-16 00:39:56,834 - 📰 Fetching news for SPY...
2025-12-16 00:39:56,834 - 📊 FinBERT: neutral (0.00) from 1 headlines
2025-12-16 00:39:57,419 - 🔮 Chronos forecast: 10 steps, median range [508.63, 518.60]
2025-12-16 00:39:57,419 - 🔮 Chronos: Bearish trend, Low confidence
2025-12-16 00:39:57,419 - 📰 Fetching news for SPY...
2025-12-16 00:39:57,419 - 📊 FinBERT: neutral (0.00) from 2 headlines
2025-12-16 00:39:58,138 - 🔮 Chronos forecast: 10 steps, median range [529.55, 537.51]
2025-12-16 00:39:58,138 - 🔮 Chronos: Bullish trend, Low confidence
2025-12-16 00:39:58,138 - 📰 Fetching news for SPY...
2025-12-16 00:39:58,138 - 📊 FinBERT: neutral (0.00) from 2 headlines
2025-12-16 00:39:58,774 - 🔮 Chronos forecast: 10 steps, median range [513.03, 538.88]
2025-12-16 00:39:58,774 - 🔮 Chronos: Bearish trend, Low confidence
2025-12-16 00:39:58,774 - 📰 Fetching news for SPY...
2025-12-16 00:39:58,774 - 📊 FinBERT: neutral (0.00) from 2 headlines
2025-12-16 00:39:59,349 - 🔮 Chronos forecast: 10 steps, median range [536.55, 552.45]
2025-12-16 00:39:59,349 - 🔮 Chronos: Bearish trend, Low confidence
2025-12-16 00:39:59,349 - 📰 Fetching news for SPY...
2025-12-16 00:39:59,349 - 📊 FinBERT: neutral (0.00) from 2 headlines
2025-12-16 00:39:59,882 - 🔮 Chronos forecast: 10 steps, median range [538.56, 558.44]
2025-12-16 00:39:59,882 - 🔮 Chronos: Bearish trend, Low confidence
2025-12-16 00:39:59,882 - 📰 Fetching news for SPY...
2025-12-16 00:39:59,882 - 📊 FinBERT: neutral (0.00) from 1 headlines
2025-12-16 00:40:00,491 - 🔮 Chronos forecast: 10 steps, median range [536.24, 554.11]
2025-12-16 00:40:00,491 - 🔮 Chronos: Bearish trend, Low confidence
2025-12-16 00:40:00,491 - 📰 Fetching news for SPY...
2025-12-16 00:40:00,491 - 📊 FinBERT: neutral (0.00) from 1 headlines
2025-12-16 00:40:01,061 - 🔮 Chronos forecast: 10 steps, median range [539.84, 557.71]
2025-12-16 00:40:01,061 - 🔮 Chronos: Bearish trend, Low confidence
2025-12-16 00:40:01,061 - 📰 Fetching news for SPY...
2025-12-16 00:40:01,061 - 📊 FinBERT: neutral (0.00) from 1 headlines
2025-12-16 00:40:01,636 - 🔮 Chronos forecast: 10 steps, median range [519.84, 553.57]
2025-12-16 00:40:01,636 - 🔮 Chronos: Bearish trend, Low confidence
2025-12-16 00:40:01,636 - 📰 Fetching news for SPY...
2025-12-16 00:40:01,636 - 📊 FinBERT: neutral (0.00) from 1 headlines
2025-12-16 00:40:02,407 - 🔮 Chronos forecast: 10 steps, median range [525.57, 555.32]
2025-12-16 00:40:02,407 - 🔮 Chronos: Bearish trend, Low confidence
2025-12-16 00:40:02,407 - 📰 Fetching news for SPY...
2025-12-16 00:40:02,407 - 📊 FinBERT: neutral (0.00) from 1 headlines
2025-12-16 00:40:03,060 - 🔮 Chronos forecast: 10 steps, median range [531.62, 561.37]
2025-12-16 00:40:03,060 - 🔮 Chronos: Bearish trend, Low confidence
2025-12-16 00:40:03,060 - 📰 Fetching news for SPY...
2025-12-16 00:40:03,060 - 📊 FinBERT: neutral (0.00) from 2 headlines
2025-12-16 00:40:03,824 - 🔮 Chronos forecast: 10 steps, median range [537.55, 559.37]
2025-12-16 00:40:03,824 - 🔮 Chronos: Bearish trend, Low confidence
2025-12-16 00:40:03,824 - 📰 Fetching news for SPY...
2025-12-16 00:40:03,824 - 📊 FinBERT: neutral (0.00) from 1 headlines
2025-12-16 00:40:04,428 - 🔮 Chronos forecast: 10 steps, median range [523.18, 550.92]
2025-12-16 00:40:04,428 - 🔮 Chronos: Bearish trend, Low confidence
2025-12-16 00:40:04,428 - 📰 Fetching news for SPY...
2025-12-16 00:40:04,428 - 📊 FinBERT: neutral (0.00) from 1 headlines
2025-12-16 00:40:04,991 - 🔮 Chronos forecast: 10 steps, median range [538.56, 556.38]
2025-12-16 00:40:04,991 - 🔮 Chronos: Bearish trend, Low confidence
2025-12-16 00:40:04,991 - 📰 Fetching news for SPY...
2025-12-16 00:40:04,991 - 📊 FinBERT: neutral (0.00) from 1 headlines
2025-12-16 00:40:05,576 - 🔮 Chronos forecast: 10 steps, median range [538.44, 558.24]
2025-12-16 00:40:05,576 - 🔮 Chronos: Bearish trend, Low confidence
2025-12-16 00:40:05,576 - 📰 Fetching news for SPY...
2025-12-16 00:40:05,576 - 📊 FinBERT: neutral (0.00) from 1 headlines
2025-12-16 00:40:06,151 - 🔮 Chronos forecast: 10 steps, median range [546.27, 560.12]
2025-12-16 00:40:06,151 - 🔮 Chronos: Bearish trend, Low confidence
2025-12-16 00:40:06,151 - 📰 Fetching news for SPY...
2025-12-16 00:40:06,151 - 📊 FinBERT: neutral (0.00) from 1 headlines
2025-12-16 00:40:06,844 - 🔮 Chronos forecast: 10 steps, median range [543.22, 576.92]
2025-12-16 00:40:06,844 - 🔮 Chronos: Bearish trend, Low confidence
2025-12-16 00:40:06,844 - 📰 Fetching news for SPY...
2025-12-16 00:40:06,844 - 📊 FinBERT: neutral (0.00) from 2 headlines
2025-12-16 00:40:07,425 - 🔮 Chronos forecast: 10 steps, median range [571.94, 591.80]
2025-12-16 00:40:07,425 - 🔮 Chronos: Bearish trend, Low confidence
2025-12-16 00:40:07,426 - 📰 Fetching news for SPY...
2025-12-16 00:40:07,426 - 📊 FinBERT: neutral (0.00) from 1 headlines
2025-12-16 00:40:08,114 - 🔮 Chronos forecast: 10 steps, median range [580.82, 592.76]
2025-12-16 00:40:08,114 - 🔮 Chronos: Bullish trend, Low confidence
2025-12-16 00:40:08,114 - 📰 Fetching news for SPY...
2025-12-16 00:40:08,114 - 📊 FinBERT: neutral (0.00) from 1 headlines
2025-12-16 00:40:08,779 - 🔮 Chronos forecast: 10 steps, median range [585.73, 597.68]
2025-12-16 00:40:08,779 - 🔮 Chronos: Bullish trend, Low confidence
2025-12-16 00:40:08,779 - 📰 Fetching news for SPY...
2025-12-16 00:40:08,780 - 📊 FinBERT: neutral (0.00) from 1 headlines
2025-12-16 00:40:09,358 - 🔮 Chronos forecast: 10 steps, median range [583.78, 601.78]
2025-12-16 00:40:09,358 - 🔮 Chronos: Bullish trend, Low confidence
2025-12-16 00:40:09,358 - 📰 Fetching news for SPY...
2025-12-16 00:40:09,358 - 📊 FinBERT: neutral (0.00) from 1 headlines
2025-12-16 00:40:09,967 - 🔮 Chronos forecast: 10 steps, median range [590.98, 605.05]
2025-12-16 00:40:09,968 - 🔮 Chronos: Bullish trend, Low confidence
2025-12-16 00:40:09,968 - 📰 Fetching news for SPY...
2025-12-16 00:40:09,968 - 📊 FinBERT: neutral (0.00) from 1 headlines
2025-12-16 00:40:10,585 - 🔮 Chronos forecast: 10 steps, median range [588.08, 596.16]
2025-12-16 00:40:10,585 - 🔮 Chronos: Bullish trend, Low confidence
2025-12-16 00:40:10,585 - 📰 Fetching news for SPY...
2025-12-16 00:40:10,585 - 📊 FinBERT: neutral (0.00) from 1 headlines
2025-12-16 00:40:11,160 - 🔮 Chronos forecast: 10 steps, median range [574.88, 585.04]
2025-12-16 00:40:11,160 - 🔮 Chronos: Bearish trend, Low confidence
2025-12-16 00:40:11,160 - 📰 Fetching news for SPY...
2025-12-16 00:40:11,160 - 📊 FinBERT: neutral (0.00) from 2 headlines
2025-12-16 00:40:11,752 - 🔮 Chronos forecast: 10 steps, median range [574.03, 586.25]
2025-12-16 00:40:11,753 - 🔮 Chronos: Bullish trend, Low confidence
2025-12-16 00:40:11,753 - 📰 Fetching news for SPY...
2025-12-16 00:40:11,753 - 📊 FinBERT: neutral (0.00) from 1 headlines
2025-12-16 00:40:12,335 - 🔮 Chronos forecast: 10 steps, median range [567.73, 579.99]
2025-12-16 00:40:12,336 - 🔮 Chronos: Bearish trend, Low confidence
2025-12-16 00:40:12,336 - 📰 Fetching news for SPY...
2025-12-16 00:40:12,336 - 📊 FinBERT: neutral (0.00) from 1 headlines
2025-12-16 00:40:12,946 - 🔮 Chronos forecast: 10 steps, median range [579.91, 590.16]
2025-12-16 00:40:12,946 - 🔮 Chronos: Bearish trend, Low confidence
2025-12-16 00:40:12,946 - 📰 Fetching news for SPY...
2025-12-16 00:40:12,947 - 📊 FinBERT: neutral (0.00) from 2 headlines
2025-12-16 00:40:13,557 - 🔮 Chronos forecast: 10 steps, median range [583.64, 589.80]
2025-12-16 00:40:13,558 - 🔮 Chronos: Bullish trend, Low confidence
2025-12-16 00:40:13,558 - 📰 Fetching news for SPY...
2025-12-16 00:40:13,558 - 📊 FinBERT: neutral (0.00) from 1 headlines
2025-12-16 00:40:14,217 - 🔮 Chronos forecast: 10 steps, median range [581.32, 585.45]
2025-12-16 00:40:14,217 - 🔮 Chronos: Bearish trend, Low confidence
2025-12-16 00:40:14,217 - 📰 Fetching news for SPY...
2025-12-16 00:40:14,217 - 📊 FinBERT: neutral (0.00) from 1 headlines
2025-12-16 00:40:14,949 - 🔮 Chronos forecast: 10 steps, median range [587.64, 591.78]
2025-12-16 00:40:14,949 - 🔮 Chronos: Bullish trend, Low confidence
2025-12-16 00:40:14,949 - 📰 Fetching news for SPY...
2025-12-16 00:40:14,949 - 📊 FinBERT: neutral (0.00) from 1 headlines
2025-12-16 00:40:15,526 - 🔮 Chronos forecast: 10 steps, median range [583.70, 589.93]
2025-12-16 00:40:15,526 - 🔮 Chronos: Bearish trend, Low confidence
2025-12-16 00:40:15,526 - 📰 Fetching news for SPY...
2025-12-16 00:40:15,526 - 📊 FinBERT: neutral (0.00) from 1 headlines
2025-12-16 00:40:16,097 - 🔮 Chronos forecast: 10 steps, median range [584.42, 592.77]
2025-12-16 00:40:16,097 - 🔮 Chronos: Bearish trend, Low confidence
2025-12-16 00:40:16,097 - 📰 Fetching news for SPY...
2025-12-16 00:40:16,097 - 📊 FinBERT: neutral (0.00) from 1 headlines
2025-12-16 00:40:16,696 - 🔮 Chronos forecast: 10 steps, median range [590.95, 595.14]
2025-12-16 00:40:16,696 - 🔮 Chronos: Bullish trend, Low confidence
2025-12-16 00:40:16,696 - 📰 Fetching news for SPY...
2025-12-16 00:40:16,696 - 📊 FinBERT: neutral (0.00) from 1 headlines
2025-12-16 00:40:17,533 - 🔮 Chronos forecast: 10 steps, median range [586.61, 592.92]
2025-12-16 00:40:17,533 - 🔮 Chronos: Bullish trend, Low confidence
2025-12-16 00:40:17,533 - 📰 Fetching news for SPY...
2025-12-16 00:40:17,533 - 📊 FinBERT: neutral (0.00) from 1 headlines
2025-12-16 00:40:18,343 - 🔮 Chronos forecast: 10 steps, median range [592.61, 598.94]
2025-12-16 00:40:18,344 - 🔮 Chronos: Bullish trend, Low confidence
2025-12-16 00:40:18,344 - 📰 Fetching news for SPY...
2025-12-16 00:40:18,344 - 📊 FinBERT: neutral (0.00) from 2 headlines
2025-12-16 00:40:19,009 - 🔮 Chronos forecast: 10 steps, median range [592.17, 600.63]
2025-12-16 00:40:19,009 - 🔮 Chronos: Bearish trend, Low confidence
2025-12-16 00:40:19,009 - 📰 Fetching news for SPY...
2025-12-16 00:40:19,009 - 📊 FinBERT: neutral (0.00) from 1 headlines
2025-12-16 00:40:19,575 - 🔮 Chronos forecast: 10 steps, median range [596.07, 600.31]
2025-12-16 00:40:19,575 - 🔮 Chronos: Bearish trend, Low confidence
2025-12-16 00:40:19,575 - 📰 Fetching news for SPY...
2025-12-16 00:40:19,575 - 📊 FinBERT: neutral (0.00) from 1 headlines
2025-12-16 00:40:20,169 - 🔮 Chronos forecast: 10 steps, median range [595.55, 601.93]
2025-12-16 00:40:20,169 - 🔮 Chronos: Bullish trend, Low confidence
2025-12-16 00:40:20,169 - 📰 Fetching news for SPY...
2025-12-16 00:40:20,169 - 📊 FinBERT: neutral (0.00) from 1 headlines
2025-12-16 00:40:20,817 - 🔮 Chronos forecast: 10 steps, median range [592.95, 601.49]
2025-12-16 00:40:20,817 - 🔮 Chronos: Bearish trend, Low confidence
2025-12-16 00:40:20,817 - 📰 Fetching news for SPY...
2025-12-16 00:40:20,817 - 📊 FinBERT: neutral (0.00) from 1 headlines
2025-12-16 00:40:21,456 - 🔮 Chronos forecast: 10 steps, median range [594.26, 598.53]
2025-12-16 00:40:21,457 - 🔮 Chronos: Bullish trend, Low confidence
2025-12-16 00:40:21,457 - 📰 Fetching news for SPY...
2025-12-16 00:40:21,457 - 📊 FinBERT: neutral (0.00) from 2 headlines
2025-12-16 00:40:22,092 - 🔮 Chronos forecast: 10 steps, median range [595.47, 599.75]
2025-12-16 00:40:22,092 - 🔮 Chronos: Bearish trend, Low confidence
2025-12-16 00:40:22,092 - 📰 Fetching news for SPY...
2025-12-16 00:40:22,092 - 📊 FinBERT: neutral (0.00) from 1 headlines
2025-12-16 00:40:22,729 - 🔮 Chronos forecast: 10 steps, median range [579.45, 592.33]
2025-12-16 00:40:22,729 - 🔮 Chronos: Bearish trend, Low confidence
2025-12-16 00:40:22,729 - 📰 Fetching news for SPY...
2025-12-16 00:40:22,729 - 📊 FinBERT: neutral (0.00) from 1 headlines
2025-12-16 00:40:23,531 - 🔮 Chronos forecast: 10 steps, median range [585.02, 593.62]
2025-12-16 00:40:23,531 - 🔮 Chronos: Bearish trend, Low confidence
2025-12-16 00:40:23,532 - 📰 Fetching news for SPY...
2025-12-16 00:40:23,532 - 📊 FinBERT: neutral (0.00) from 1 headlines
2025-12-16 00:40:24,565 - 🔮 Chronos forecast: 10 steps, median range [590.48, 599.10]
2025-12-16 00:40:24,565 - 🔮 Chronos: Bearish trend, Low confidence
2025-12-16 00:40:24,565 - 📰 Fetching news for SPY...
2025-12-16 00:40:24,565 - 📊 FinBERT: neutral (0.00) from 1 headlines
2025-12-16 00:40:25,234 - 🔮 Chronos forecast: 10 steps, median range [591.71, 600.35]
2025-12-16 00:40:25,234 - 🔮 Chronos: Bearish trend, Low confidence
2025-12-16 00:40:25,234 - 📰 Fetching news for SPY...
2025-12-16 00:40:25,235 - 📊 FinBERT: neutral (0.00) from 1 headlines
2025-12-16 00:40:25,887 - 🔮 Chronos forecast: 10 steps, median range [593.18, 606.17]
2025-12-16 00:40:25,887 - 🔮 Chronos: Bearish trend, Low confidence
2025-12-16 00:40:25,887 - 📰 Fetching news for SPY...
2025-12-16 00:40:25,887 - 📊 FinBERT: neutral (0.00) from 2 headlines
2025-12-16 00:40:26,500 - 🔮 Chronos forecast: 10 steps, median range [598.38, 607.05]
2025-12-16 00:40:26,500 - 🔮 Chronos: Bearish trend, Low confidence
2025-12-16 00:40:26,500 - 📰 Fetching news for SPY...
2025-12-16 00:40:26,501 - 📊 FinBERT: neutral (0.00) from 1 headlines
2025-12-16 00:40:27,158 - 🔮 Chronos forecast: 10 steps, median range [607.97, 612.31]
2025-12-16 00:40:27,159 - 🔮 Chronos: Bullish trend, Low confidence
2025-12-16 00:40:27,159 - 📰 Fetching news for SPY...
2025-12-16 00:40:27,159 - 📊 FinBERT: neutral (0.00) from 1 headlines
2025-12-16 00:40:27,907 - 🔮 Chronos forecast: 10 steps, median range [604.61, 611.13]
2025-12-16 00:40:27,907 - 🔮 Chronos: Bearish trend, Low confidence
2025-12-16 00:40:27,907 - 📰 Fetching news for SPY...
2025-12-16 00:40:27,908 - 📊 FinBERT: neutral (0.00) from 1 headlines
2025-12-16 00:40:28,700 - 🔮 Chronos forecast: 10 steps, median range [612.13, 618.66]
2025-12-16 00:40:28,701 - 🔮 Chronos: Bullish trend, Low confidence
2025-12-16 00:40:28,701 - 📰 Fetching news for SPY...
2025-12-16 00:40:28,701 - 📊 FinBERT: neutral (0.00) from 1 headlines
2025-12-16 00:40:29,349 - 🔮 Chronos forecast: 10 steps, median range [610.81, 615.17]
2025-12-16 00:40:29,349 - 🔮 Chronos: Bearish trend, Low confidence
2025-12-16 00:40:29,349 - 📰 Fetching news for SPY...
2025-12-16 00:40:29,349 - 📊 FinBERT: neutral (0.00) from 1 headlines
2025-12-16 00:40:30,019 - 🔮 Chronos forecast: 10 steps, median range [618.30, 624.85]
2025-12-16 00:40:30,019 - 🔮 Chronos: Bullish trend, Low confidence
2025-12-16 00:40:30,019 - 📰 Fetching news for SPY...
2025-12-16 00:40:30,019 - 📊 FinBERT: neutral (0.00) from 1 headlines
2025-12-16 00:40:31,000 - 🔮 Chronos forecast: 10 steps, median range [623.86, 630.42]
2025-12-16 00:40:31,000 - 🔮 Chronos: Bullish trend, Low confidence
2025-12-16 00:40:31,000 - 📰 Fetching news for SPY...
2025-12-16 00:40:31,000 - 📊 FinBERT: neutral (0.00) from 1 headlines
2025-12-16 00:40:31,702 - 🔮 Chronos forecast: 10 steps, median range [614.26, 620.84]
2025-12-16 00:40:31,702 - 🔮 Chronos: Bearish trend, Low confidence
2025-12-16 00:40:31,702 - 📰 Fetching news for SPY...
2025-12-16 00:40:31,702 - 📊 FinBERT: neutral (0.00) from 1 headlines
2025-12-16 00:40:32,491 - 🔮 Chronos forecast: 10 steps, median range [619.99, 628.78]
2025-12-16 00:40:32,491 - 🔮 Chronos: Bullish trend, Low confidence
2025-12-16 00:40:32,491 - 📰 Fetching news for SPY...
2025-12-16 00:40:32,492 - 📊 FinBERT: neutral (0.00) from 1 headlines
2025-12-16 00:40:33,518 - 🔮 Chronos forecast: 10 steps, median range [621.59, 626.00]
2025-12-16 00:40:33,518 - 🔮 Chronos: Bullish trend, Low confidence
2025-12-16 00:40:33,518 - 📰 Fetching news for SPY...
2025-12-16 00:40:33,518 - 📊 FinBERT: neutral (0.00) from 1 headlines
2025-12-16 00:40:34,215 - 🔮 Chronos forecast: 10 steps, median range [622.84, 627.26]
2025-12-16 00:40:34,215 - 🔮 Chronos: Bullish trend, Low confidence
2025-12-16 00:40:34,215 - 📰 Fetching news for SPY...
2025-12-16 00:40:34,215 - 📊 FinBERT: neutral (0.00) from 1 headlines
2025-12-16 00:40:34,808 - 🔮 Chronos forecast: 10 steps, median range [615.28, 619.71]
2025-12-16 00:40:34,808 - 🔮 Chronos: Bearish trend, Low confidence
2025-12-16 00:40:34,808 - 📰 Fetching news for SPY...
2025-12-16 00:40:34,808 - 📊 FinBERT: neutral (0.00) from 1 headlines
2025-12-16 00:40:35,407 - 🔮 Chronos forecast: 10 steps, median range [620.95, 625.39]
2025-12-16 00:40:35,407 - 🔮 Chronos: Bearish trend, Low confidence
2025-12-16 00:40:35,407 - 📰 Fetching news for SPY...
2025-12-16 00:40:35,407 - 📊 FinBERT: neutral (0.00) from 1 headlines
2025-12-16 00:40:36,061 - 🔮 Chronos forecast: 10 steps, median range [617.69, 622.13]
2025-12-16 00:40:36,061 - 🔮 Chronos: Bullish trend, Low confidence
2025-12-16 00:40:36,061 - 📰 Fetching news for SPY...
2025-12-16 00:40:36,061 - 📊 FinBERT: neutral (0.00) from 1 headlines
2025-12-16 00:40:36,724 - 🔮 Chronos forecast: 10 steps, median range [616.59, 623.26]
2025-12-16 00:40:36,724 - 🔮 Chronos: Bearish trend, Low confidence
2025-12-16 00:40:36,724 - 📰 Fetching news for SPY...
2025-12-16 00:40:36,725 - 📊 FinBERT: neutral (0.00) from 1 headlines
2025-12-16 00:40:37,354 - 🔮 Chronos forecast: 10 steps, median range [619.95, 624.41]
2025-12-16 00:40:37,354 - 🔮 Chronos: Bearish trend, Low confidence
2025-12-16 00:40:37,354 - 📰 Fetching news for SPY...
2025-12-16 00:40:37,354 - 📊 FinBERT: neutral (0.00) from 1 headlines
2025-12-16 00:40:38,134 - 🔮 Chronos forecast: 10 steps, median range [621.09, 625.55]
2025-12-16 00:40:38,134 - 🔮 Chronos: Bearish trend, Low confidence
2025-12-16 00:40:38,134 - 📰 Fetching news for SPY...
2025-12-16 00:40:38,134 - 📊 FinBERT: neutral (0.00) from 1 headlines
2025-12-16 00:40:38,853 - 🔮 Chronos forecast: 10 steps, median range [626.83, 631.31]
2025-12-16 00:40:38,853 - 🔮 Chronos: Bullish trend, Low confidence
2025-12-16 00:40:38,853 - 📰 Fetching news for SPY...
2025-12-16 00:40:38,853 - 📊 FinBERT: neutral (0.00) from 1 headlines
2025-12-16 00:40:39,444 - 🔮 Chronos forecast: 10 steps, median range [625.66, 627.91]
2025-12-16 00:40:39,444 - 🔮 Chronos: Bullish trend, Low confidence
2025-12-16 00:40:39,444 - 📰 Fetching news for SPY...
2025-12-16 00:40:39,444 - 📊 FinBERT: neutral (0.00) from 1 headlines
2025-12-16 00:40:40,066 - 🔮 Chronos forecast: 10 steps, median range [633.64, 638.13]
2025-12-16 00:40:40,066 - 🔮 Chronos: Bullish trend, Low confidence
2025-12-16 00:40:40,066 - 📰 Fetching news for SPY...
2025-12-16 00:40:40,066 - 📊 FinBERT: neutral (0.00) from 1 headlines
2025-12-16 00:40:40,718 - 🔮 Chronos forecast: 10 steps, median range [634.78, 648.28]
2025-12-16 00:40:40,719 - 🔮 Chronos: Bullish trend, Low confidence
2025-12-16 00:40:40,719 - 📰 Fetching news for SPY...
2025-12-16 00:40:40,719 - 📊 FinBERT: neutral (0.00) from 1 headlines
2025-12-16 00:40:41,339 - 🔮 Chronos forecast: 10 steps, median range [636.07, 640.58]
2025-12-16 00:40:41,339 - 🔮 Chronos: Bullish trend, Low confidence
2025-12-16 00:40:41,339 - 📰 Fetching news for SPY...
2025-12-16 00:40:41,339 - 📊 FinBERT: neutral (0.00) from 1 headlines
2025-12-16 00:40:42,014 - 🔮 Chronos forecast: 10 steps, median range [637.27, 641.79]
2025-12-16 00:40:42,014 - 🔮 Chronos: Bullish trend, Low confidence
2025-12-16 00:40:42,014 - 📰 Fetching news for SPY...
2025-12-16 00:40:42,014 - 📊 FinBERT: neutral (0.00) from 1 headlines
2025-12-16 00:40:42,650 - 🔮 Chronos forecast: 10 steps, median range [631.85, 636.38]
2025-12-16 00:40:42,650 - 🔮 Chronos: Bearish trend, Low confidence
2025-12-16 00:40:42,650 - 📰 Fetching news for SPY...
2025-12-16 00:40:42,650 - 📊 FinBERT: neutral (0.00) from 1 headlines
2025-12-16 00:40:43,315 - 🔮 Chronos forecast: 10 steps, median range [630.72, 635.26]
2025-12-16 00:40:43,315 - 🔮 Chronos: Bullish trend, Low confidence
2025-12-16 00:40:43,315 - 📰 Fetching news for SPY...
2025-12-16 00:40:43,315 - 📊 FinBERT: neutral (0.00) from 1 headlines
2025-12-16 00:40:43,996 - 🔮 Chronos forecast: 10 steps, median range [631.95, 636.50]
2025-12-16 00:40:43,996 - 🔮 Chronos: Bullish trend, Low confidence
2025-12-16 00:40:43,996 - 📰 Fetching news for SPY...
2025-12-16 00:40:43,996 - 📊 FinBERT: neutral (0.00) from 1 headlines
2025-12-16 00:40:44,578 - 🔮 Chronos forecast: 10 steps, median range [614.62, 619.17]
2025-12-16 00:40:44,578 - 🔮 Chronos: Bearish trend, Low confidence
2025-12-16 00:40:44,578 - 📰 Fetching news for SPY...
2025-12-16 00:40:44,578 - 📊 FinBERT: neutral (0.00) from 2 headlines
2025-12-16 00:40:45,194 - 🔮 Chronos forecast: 10 steps, median range [624.96, 629.52]
2025-12-16 00:40:45,194 - 🔮 Chronos: Bearish trend, Low confidence
2025-12-16 00:40:45,194 - 📰 Fetching news for SPY...
2025-12-16 00:40:45,194 - 📊 FinBERT: neutral (0.00) from 2 headlines
2025-12-16 00:40:45,821 - 🔮 Chronos forecast: 10 steps, median range [625.89, 630.46]
2025-12-16 00:40:45,821 - 🔮 Chronos: Bullish trend, Low confidence
2025-12-16 00:40:45,821 - 📰 Fetching news for SPY...
2025-12-16 00:40:45,821 - 📊 FinBERT: neutral (0.00) from 1 headlines
2025-12-16 00:40:46,433 - 🔮 Chronos forecast: 10 steps, median range [631.33, 631.33]
2025-12-16 00:40:46,433 - 🔮 Chronos: Bullish trend, Low confidence
2025-12-16 00:40:46,434 - 📰 Fetching news for SPY...
2025-12-16 00:40:46,434 - 📊 FinBERT: neutral (0.00) from 1 headlines
2025-12-16 00:40:47,088 - 🔮 Chronos forecast: 10 steps, median range [632.18, 632.18]
2025-12-16 00:40:47,088 - 🔮 Chronos: Bullish trend, Low confidence
2025-12-16 00:40:47,088 - 📰 Fetching news for SPY...
2025-12-16 00:40:47,088 - 📊 FinBERT: neutral (0.00) from 1 headlines
2025-12-16 00:40:47,783 - 🔮 Chronos forecast: 10 steps, median range [633.03, 637.61]
2025-12-16 00:40:47,783 - 🔮 Chronos: Bearish trend, Low confidence
2025-12-16 00:40:47,783 - 📰 Fetching news for SPY...
2025-12-16 00:40:47,783 - 📊 FinBERT: neutral (0.00) from 1 headlines
2025-12-16 00:40:48,617 - 🔮 Chronos forecast: 10 steps, median range [629.14, 633.73]
2025-12-16 00:40:48,618 - 🔮 Chronos: Bearish trend, Low confidence
2025-12-16 00:40:48,618 - 📰 Fetching news for SPY...
2025-12-16 00:40:48,618 - 📊 FinBERT: neutral (0.00) from 1 headlines
2025-12-16 00:40:49,301 - 🔮 Chronos forecast: 10 steps, median range [632.27, 639.17]
2025-12-16 00:40:49,302 - 🔮 Chronos: Bearish trend, Low confidence
2025-12-16 00:40:49,302 - 📰 Fetching news for SPY...
2025-12-16 00:40:49,302 - 📊 FinBERT: neutral (0.00) from 2 headlines
2025-12-16 00:40:49,988 - 🔮 Chronos forecast: 10 steps, median range [640.09, 644.70]
2025-12-16 00:40:49,988 - 🔮 Chronos: Bullish trend, Low confidence
2025-12-16 00:40:49,988 - 📰 Fetching news for SPY...
2025-12-16 00:40:49,988 - 📊 FinBERT: neutral (0.00) from 1 headlines
2025-12-16 00:40:50,628 - 🔮 Chronos forecast: 10 steps, median range [640.92, 643.23]
2025-12-16 00:40:50,628 - 🔮 Chronos: Bullish trend, Low confidence
2025-12-16 00:40:50,628 - 📰 Fetching news for SPY...
2025-12-16 00:40:50,628 - 📊 FinBERT: neutral (0.00) from 1 headlines
2025-12-16 00:40:51,263 - 🔮 Chronos forecast: 10 steps, median range [636.92, 643.84]
2025-12-16 00:40:51,264 - 🔮 Chronos: Bullish trend, Low confidence
2025-12-16 00:40:51,264 - 📰 Fetching news for SPY...
2025-12-16 00:40:51,264 - 📊 FinBERT: neutral (0.00) from 1 headlines
2025-12-16 00:40:51,869 - 🔮 Chronos forecast: 10 steps, median range [642.30, 644.61]
2025-12-16 00:40:51,869 - 🔮 Chronos: Bullish trend, Low confidence
2025-12-16 00:40:51,869 - 📰 Fetching news for SPY...
2025-12-16 00:40:51,869 - 📊 FinBERT: neutral (0.00) from 1 headlines
2025-12-16 00:40:52,416 - 🔮 Chronos forecast: 10 steps, median range [633.71, 638.33]
2025-12-16 00:40:52,416 - 🔮 Chronos: Bullish trend, Low confidence
2025-12-16 00:40:52,416 - 📰 Fetching news for SPY...
2025-12-16 00:40:52,416 - 📊 FinBERT: neutral (0.00) from 1 headlines
2025-12-16 00:40:53,036 - 🔮 Chronos forecast: 10 steps, median range [634.18, 643.44]
2025-12-16 00:40:53,036 - 🔮 Chronos: Bullish trend, Low confidence
2025-12-16 00:40:53,036 - 📰 Fetching news for SPY...
2025-12-16 00:40:53,037 - 📊 FinBERT: neutral (0.00) from 1 headlines
2025-12-16 00:40:53,559 - 🔮 Chronos forecast: 10 steps, median range [634.50, 643.76]
2025-12-16 00:40:53,559 - 🔮 Chronos: Bullish trend, Low confidence
2025-12-16 00:40:53,559 - 📰 Fetching news for SPY...
2025-12-16 00:40:53,559 - 📊 FinBERT: neutral (0.00) from 1 headlines
2025-12-16 00:40:54,091 - 🔮 Chronos forecast: 10 steps, median range [639.86, 644.50]
2025-12-16 00:40:54,091 - 🔮 Chronos: Bearish trend, Low confidence
2025-12-16 00:40:54,091 - 📰 Fetching news for SPY...
2025-12-16 00:40:54,092 - 📊 FinBERT: neutral (0.00) from 2 headlines
2025-12-16 00:40:54,494 - 🔮 Chronos forecast: 10 steps, median range [635.82, 647.42]
2025-12-16 00:40:54,495 - 🔮 Chronos: Bearish trend, Low confidence
2025-12-16 00:40:54,495 - 📰 Fetching news for SPY...
2025-12-16 00:40:54,495 - 📊 FinBERT: neutral (0.00) from 1 headlines
2025-12-16 00:40:54,902 - 🔮 Chronos forecast: 10 steps, median range [631.94, 641.23]
2025-12-16 00:40:54,902 - 🔮 Chronos: Bearish trend, High confidence
2025-12-16 00:40:54,902 - 📰 Fetching news for SPY...
2025-12-16 00:40:54,902 - 📊 FinBERT: neutral (0.00) from 1 headlines
2025-12-16 00:40:55,324 - 🔮 Chronos forecast: 10 steps, median range [637.33, 646.64]
2025-12-16 00:40:55,324 - 🔮 Chronos: Bearish trend, Low confidence
2025-12-16 00:40:55,324 - 📰 Fetching news for SPY...
2025-12-16 00:40:55,324 - 📊 FinBERT: neutral (0.00) from 1 headlines
2025-12-16 00:40:55,742 - 🔮 Chronos forecast: 10 steps, median range [638.03, 647.34]
2025-12-16 00:40:55,742 - 🔮 Chronos: Bearish trend, Low confidence
2025-12-16 00:40:55,742 - 📰 Fetching news for SPY...
2025-12-16 00:40:55,742 - 📊 FinBERT: neutral (0.00) from 1 headlines
2025-12-16 00:40:56,165 - 🔮 Chronos forecast: 10 steps, median range [633.95, 643.27]
2025-12-16 00:40:56,165 - 🔮 Chronos: Bearish trend, Low confidence
2025-12-16 00:40:56,165 - 📰 Fetching news for SPY...
2025-12-16 00:40:56,165 - 📊 FinBERT: neutral (0.00) from 1 headlines
2025-12-16 00:40:56,571 - 🔮 Chronos forecast: 10 steps, median range [634.33, 643.66]
2025-12-16 00:40:56,571 - 🔮 Chronos: Bullish trend, Low confidence
2025-12-16 00:40:56,571 - 📰 Fetching news for SPY...
2025-12-16 00:40:56,571 - 📊 FinBERT: neutral (0.00) from 1 headlines
2025-12-16 00:40:57,023 - 🔮 Chronos forecast: 10 steps, median range [639.49, 644.16]
2025-12-16 00:40:57,023 - 🔮 Chronos: Bullish trend, Low confidence
2025-12-16 00:40:57,023 - 📰 Fetching news for SPY...
2025-12-16 00:40:57,023 - 📊 FinBERT: neutral (0.00) from 1 headlines
2025-12-16 00:40:57,460 - 🔮 Chronos forecast: 10 steps, median range [639.99, 647.00]
2025-12-16 00:40:57,461 - 🔮 Chronos: Bearish trend, Low confidence
2025-12-16 00:40:57,461 - 📰 Fetching news for SPY...
2025-12-16 00:40:57,461 - 📊 FinBERT: neutral (0.00) from 1 headlines
2025-12-16 00:40:58,045 - 🔮 Chronos forecast: 10 steps, median range [645.09, 649.77]
2025-12-16 00:40:58,045 - 🔮 Chronos: Bullish trend, Low confidence
2025-12-16 00:40:58,045 - 📰 Fetching news for SPY...
2025-12-16 00:40:58,045 - 📊 FinBERT: neutral (0.00) from 1 headlines
2025-12-16 00:40:58,507 - 🔮 Chronos forecast: 10 steps, median range [643.15, 647.83]
2025-12-16 00:40:58,507 - 🔮 Chronos: Bearish trend, Low confidence
2025-12-16 00:40:58,507 - 📰 Fetching news for SPY...
2025-12-16 00:40:58,508 - 📊 FinBERT: neutral (0.00) from 1 headlines
2025-12-16 00:40:58,967 - 🔮 Chronos forecast: 10 steps, median range [645.94, 650.62]
2025-12-16 00:40:58,967 - 🔮 Chronos: Bearish trend, Low confidence
2025-12-16 00:40:58,967 - 📰 Fetching news for SPY...
2025-12-16 00:40:58,967 - 📊 FinBERT: neutral (0.00) from 1 headlines
2025-12-16 00:40:59,374 - 🔮 Chronos forecast: 10 steps, median range [646.51, 651.19]
2025-12-16 00:40:59,374 - 🔮 Chronos: Bearish trend, Low confidence
2025-12-16 00:40:59,374 - 📰 Fetching news for SPY...
2025-12-16 00:40:59,374 - 📊 FinBERT: neutral (0.00) from 1 headlines
2025-12-16 00:40:59,763 - 🔮 Chronos forecast: 10 steps, median range [656.67, 661.36]
2025-12-16 00:40:59,763 - 🔮 Chronos: Bullish trend, Low confidence
2025-12-16 00:40:59,763 - 📰 Fetching news for SPY...
2025-12-16 00:40:59,763 - 📊 FinBERT: neutral (0.00) from 1 headlines
2025-12-16 00:41:00,259 - 🔮 Chronos forecast: 10 steps, median range [657.53, 662.23]
2025-12-16 00:41:00,259 - 🔮 Chronos: Bullish trend, Low confidence
2025-12-16 00:41:00,259 - 📰 Fetching news for SPY...
2025-12-16 00:41:00,259 - 📊 FinBERT: neutral (0.00) from 1 headlines
2025-12-16 00:41:00,691 - 🔮 Chronos forecast: 10 steps, median range [654.16, 658.87]
2025-12-16 00:41:00,691 - 🔮 Chronos: Bearish trend, Low confidence
2025-12-16 00:41:00,691 - 📰 Fetching news for SPY...
2025-12-16 00:41:00,691 - 📊 FinBERT: neutral (0.00) from 1 headlines
2025-12-16 00:41:01,178 - 🔮 Chronos forecast: 10 steps, median range [659.85, 664.57]
2025-12-16 00:41:01,178 - 🔮 Chronos: Bullish trend, Low confidence
2025-12-16 00:41:01,179 - 📰 Fetching news for SPY...
2025-12-16 00:41:01,179 - 📊 FinBERT: neutral (0.00) from 1 headlines
2025-12-16 00:41:01,736 - 🔮 Chronos forecast: 10 steps, median range [649.12, 656.20]
2025-12-16 00:41:01,736 - 🔮 Chronos: Bearish trend, Low confidence
2025-12-16 00:41:01,736 - 📰 Fetching news for SPY...
2025-12-16 00:41:01,737 - 📊 FinBERT: neutral (0.00) from 1 headlines
2025-12-16 00:41:02,542 - 🔮 Chronos forecast: 10 steps, median range [661.93, 666.65]
2025-12-16 00:41:02,542 - 🔮 Chronos: Bullish trend, Low confidence
2025-12-16 00:41:02,543 - 📰 Fetching news for SPY...
2025-12-16 00:41:02,543 - 📊 FinBERT: neutral (0.00) from 1 headlines
2025-12-16 00:41:03,416 - 🔮 Chronos forecast: 10 steps, median range [658.32, 663.06]
2025-12-16 00:41:03,416 - 🔮 Chronos: Bearish trend, Low confidence
2025-12-16 00:41:03,416 - 📰 Fetching news for SPY...
2025-12-16 00:41:03,416 - 📊 FinBERT: neutral (0.00) from 1 headlines
2025-12-16 00:41:04,282 - 🔮 Chronos forecast: 10 steps, median range [666.51, 673.62]
2025-12-16 00:41:04,282 - 🔮 Chronos: Bullish trend, Low confidence
2025-12-16 00:41:04,282 - 📰 Fetching news for SPY...
2025-12-16 00:41:04,282 - 📊 FinBERT: neutral (0.00) from 1 headlines
2025-12-16 00:41:04,950 - 🔮 Chronos forecast: 10 steps, median range [662.75, 669.88]
2025-12-16 00:41:04,950 - 🔮 Chronos: Bullish trend, Low confidence
2025-12-16 00:41:04,950 - 📰 Fetching news for SPY...
2025-12-16 00:41:04,950 - 📊 FinBERT: neutral (0.00) from 1 headlines
2025-12-16 00:41:05,590 - 🔮 Chronos forecast: 10 steps, median range [658.69, 665.82]
2025-12-16 00:41:05,590 - 🔮 Chronos: Bullish trend, Low confidence
2025-12-16 00:41:05,590 - 📰 Fetching news for SPY...
2025-12-16 00:41:05,590 - 📊 FinBERT: neutral (0.00) from 1 headlines
2025-12-16 00:41:06,296 - 🔮 Chronos forecast: 10 steps, median range [652.05, 656.81]
2025-12-16 00:41:06,296 - 🔮 Chronos: Bearish trend, Low confidence
2025-12-16 00:41:06,296 - 📰 Fetching news for SPY...
2025-12-16 00:41:06,296 - 📊 FinBERT: neutral (0.00) from 1 headlines
2025-12-16 00:41:07,001 - 🔮 Chronos forecast: 10 steps, median range [659.82, 662.21]
2025-12-16 00:41:07,001 - 🔮 Chronos: Bullish trend, Low confidence
2025-12-16 00:41:07,001 - 📰 Fetching news for SPY...
2025-12-16 00:41:07,001 - 📊 FinBERT: neutral (0.00) from 1 headlines
2025-12-16 00:41:07,814 - 🔮 Chronos forecast: 10 steps, median range [658.18, 662.95]
2025-12-16 00:41:07,814 - 🔮 Chronos: Bearish trend, Low confidence
2025-12-16 00:41:07,814 - 📰 Fetching news for SPY...
2025-12-16 00:41:07,814 - 📊 FinBERT: neutral (0.00) from 1 headlines
2025-12-16 00:41:08,842 - 🔮 Chronos forecast: 10 steps, median range [663.79, 668.57]
2025-12-16 00:41:08,842 - 🔮 Chronos: Bullish trend, Low confidence
2025-12-16 00:41:08,842 - 📰 Fetching news for SPY...
2025-12-16 00:41:08,842 - 📊 FinBERT: neutral (0.00) from 1 headlines
2025-12-16 00:41:09,543 - 🔮 Chronos forecast: 10 steps, median range [664.82, 669.61]
2025-12-16 00:41:09,543 - 🔮 Chronos: Bearish trend, Low confidence
2025-12-16 00:41:09,543 - 📰 Fetching news for SPY...
2025-12-16 00:41:09,543 - 📊 FinBERT: neutral (0.00) from 1 headlines
2025-12-16 00:41:10,273 - 🔮 Chronos forecast: 10 steps, median range [665.94, 668.34]
2025-12-16 00:41:10,273 - 🔮 Chronos: Bearish trend, Low confidence
2025-12-16 00:41:10,273 - 📰 Fetching news for SPY...
2025-12-16 00:41:10,273 - 📊 FinBERT: neutral (0.00) from 1 headlines
2025-12-16 00:41:11,003 - 🔮 Chronos forecast: 10 steps, median range [667.14, 671.94]
2025-12-16 00:41:11,003 - 🔮 Chronos: Bearish trend, Low confidence
2025-12-16 00:41:11,003 - 📰 Fetching news for SPY...
2025-12-16 00:41:11,003 - 📊 FinBERT: neutral (0.00) from 1 headlines
2025-12-16 00:41:11,690 - 🔮 Chronos forecast: 10 steps, median range [672.90, 675.31]
2025-12-16 00:41:11,690 - 🔮 Chronos: Bullish trend, Low confidence
2025-12-16 00:41:11,690 - 📰 Fetching news for SPY...
2025-12-16 00:41:11,690 - 📊 FinBERT: neutral (0.00) from 1 headlines
2025-12-16 00:41:12,393 - 🔮 Chronos forecast: 10 steps, median range [666.66, 671.47]
2025-12-16 00:41:12,393 - 🔮 Chronos: Bearish trend, Low confidence
2025-12-16 00:41:12,393 - 📰 Fetching news for SPY...
2025-12-16 00:41:12,393 - 📊 FinBERT: neutral (0.00) from 1 headlines
2025-12-16 00:41:13,266 - 🔮 Chronos forecast: 10 steps, median range [674.89, 679.71]
2025-12-16 00:41:13,266 - 🔮 Chronos: Bullish trend, Low confidence
2025-12-16 00:41:13,266 - 📰 Fetching news for SPY...
2025-12-16 00:41:13,266 - 📊 FinBERT: neutral (0.00) from 1 headlines
2025-12-16 00:41:14,089 - 🔮 Chronos forecast: 10 steps, median range [670.97, 675.79]
2025-12-16 00:41:14,090 - 🔮 Chronos: Bullish trend, Low confidence
2025-12-16 00:41:14,090 - 📰 Fetching news for SPY...
2025-12-16 00:41:14,090 - 📊 FinBERT: neutral (0.00) from 1 headlines
2025-12-16 00:41:14,769 - 🔮 Chronos forecast: 10 steps, median range [651.85, 659.10]
2025-12-16 00:41:14,769 - 🔮 Chronos: Bullish trend, Low confidence
2025-12-16 00:41:14,769 - 📰 Fetching news for SPY...
2025-12-16 00:41:14,769 - 📊 FinBERT: neutral (0.00) from 2 headlines
2025-12-16 00:41:15,454 - 🔮 Chronos forecast: 10 steps, median range [662.17, 667.01]
2025-12-16 00:41:15,454 - 🔮 Chronos: Bullish trend, Low confidence
2025-12-16 00:41:15,454 - 📰 Fetching news for SPY...
2025-12-16 00:41:15,454 - 📊 FinBERT: neutral (0.00) from 2 headlines
2025-12-16 00:41:16,139 - 🔮 Chronos forecast: 10 steps, median range [662.97, 665.39]
2025-12-16 00:41:16,139 - 🔮 Chronos: Bullish trend, Low confidence
2025-12-16 00:41:16,139 - 📰 Fetching news for SPY...
2025-12-16 00:41:16,139 - 📊 FinBERT: neutral (0.00) from 1 headlines
2025-12-16 00:41:16,881 - 🔮 Chronos forecast: 10 steps, median range [663.74, 668.59]
2025-12-16 00:41:16,881 - 🔮 Chronos: Bearish trend, Low confidence
2025-12-16 00:41:16,881 - 📰 Fetching news for SPY...
2025-12-16 00:41:16,881 - 📊 FinBERT: neutral (0.00) from 1 headlines
2025-12-16 00:41:18,522 - 🔮 Chronos forecast: 10 steps, median range [656.92, 664.19]
2025-12-16 00:41:18,522 - 🔮 Chronos: Bearish trend, Low confidence
2025-12-16 00:41:18,522 - 📰 Fetching news for SPY...
2025-12-16 00:41:18,522 - 📊 FinBERT: neutral (0.00) from 1 headlines
2025-12-16 00:41:19,411 - 🔮 Chronos forecast: 10 steps, median range [664.82, 669.68]
2025-12-16 00:41:19,412 - 🔮 Chronos: Bullish trend, Low confidence
2025-12-16 00:41:19,412 - 📰 Fetching news for SPY...
2025-12-16 00:41:19,412 - 📊 FinBERT: neutral (0.00) from 1 headlines
2025-12-16 00:41:20,102 - 🔮 Chronos forecast: 10 steps, median range [655.92, 670.50]
2025-12-16 00:41:20,103 - 🔮 Chronos: Bearish trend, Low confidence
2025-12-16 00:41:20,103 - 📰 Fetching news for SPY...
2025-12-16 00:41:20,103 - 📊 FinBERT: neutral (0.00) from 2 headlines
2025-12-16 00:41:20,875 - 🔮 Chronos forecast: 10 steps, median range [666.40, 671.26]
2025-12-16 00:41:20,875 - 🔮 Chronos: Bearish trend, Low confidence
2025-12-16 00:41:20,875 - 📰 Fetching news for SPY...
2025-12-16 00:41:20,876 - 📊 FinBERT: neutral (0.00) from 1 headlines
2025-12-16 00:41:21,615 - 🔮 Chronos forecast: 10 steps, median range [664.55, 666.98]
2025-12-16 00:41:21,615 - 🔮 Chronos: Bearish trend, Low confidence
2025-12-16 00:41:21,615 - 📰 Fetching news for SPY...
2025-12-16 00:41:21,615 - 📊 FinBERT: neutral (0.00) from 1 headlines
2025-12-16 00:41:22,340 - 🔮 Chronos forecast: 10 steps, median range [667.51, 672.39]
2025-12-16 00:41:22,340 - 🔮 Chronos: Bullish trend, Low confidence
2025-12-16 00:41:22,340 - 📰 Fetching news for SPY...
2025-12-16 00:41:22,340 - 📊 FinBERT: neutral (0.00) from 1 headlines
2025-12-16 00:41:23,137 - 🔮 Chronos forecast: 10 steps, median range [668.24, 675.56]
2025-12-16 00:41:23,137 - 🔮 Chronos: Bearish trend, Low confidence
2025-12-16 00:41:23,137 - 📰 Fetching news for SPY...
2025-12-16 00:41:23,137 - 📊 FinBERT: neutral (0.00) from 1 headlines
2025-12-16 00:41:23,939 - 🔮 Chronos forecast: 10 steps, median range [674.00, 678.88]
2025-12-16 00:41:23,939 - 🔮 Chronos: Bearish trend, Low confidence
2025-12-16 00:41:23,939 - 📰 Fetching news for SPY...
2025-12-16 00:41:23,939 - 📊 FinBERT: neutral (0.00) from 2 headlines
2025-12-16 00:41:24,569 - 🔮 Chronos forecast: 10 steps, median range [677.42, 684.76]
2025-12-16 00:41:24,570 - 🔮 Chronos: Bearish trend, Low confidence
2025-12-16 00:41:24,570 - 📰 Fetching news for SPY...
2025-12-16 00:41:24,570 - 📊 FinBERT: neutral (0.00) from 1 headlines
2025-12-16 00:41:25,278 - 🔮 Chronos forecast: 10 steps, median range [685.78, 690.68]
2025-12-16 00:41:25,278 - 🔮 Chronos: Bullish trend, Low confidence
2025-12-16 00:41:25,278 - 📰 Fetching news for SPY...
2025-12-16 00:41:25,278 - 📊 FinBERT: neutral (0.00) from 1 headlines
2025-12-16 00:41:26,007 - 🔮 Chronos forecast: 10 steps, median range [679.09, 684.00]
2025-12-16 00:41:26,007 - 🔮 Chronos: Bullish trend, Low confidence
2025-12-16 00:41:26,007 - 📰 Fetching news for SPY...
2025-12-16 00:41:26,007 - 📊 FinBERT: neutral (0.00) from 2 headlines
2025-12-16 00:41:26,670 - 🔮 Chronos forecast: 10 steps, median range [682.17, 687.08]
2025-12-16 00:41:26,670 - 🔮 Chronos: Bullish trend, Low confidence
2025-12-16 00:41:26,670 - 📰 Fetching news for SPY...
2025-12-16 00:41:26,670 - 📊 FinBERT: neutral (0.00) from 1 headlines
2025-12-16 00:41:27,381 - 🔮 Chronos forecast: 10 steps, median range [672.90, 685.18]
2025-12-16 00:41:27,381 - 🔮 Chronos: Bearish trend, Low confidence
2025-12-16 00:41:27,381 - 📰 Fetching news for SPY...
2025-12-16 00:41:27,381 - 📊 FinBERT: neutral (0.00) from 1 headlines
2025-12-16 00:41:28,711 - 🔮 Chronos forecast: 10 steps, median range [668.39, 683.14]
2025-12-16 00:41:28,711 - 🔮 Chronos: Bearish trend, Low confidence
2025-12-16 00:41:28,711 - 📰 Fetching news for SPY...
2025-12-16 00:41:28,711 - 📊 FinBERT: neutral (0.00) from 2 headlines
2025-12-16 00:41:29,512 - 🔮 Chronos forecast: 10 steps, median range [666.48, 678.78]
2025-12-16 00:41:29,512 - 🔮 Chronos: Bearish trend, Low confidence
2025-12-16 00:41:29,512 - 📰 Fetching news for SPY...
2025-12-16 00:41:29,512 - 📊 FinBERT: neutral (0.00) from 1 headlines
2025-12-16 00:41:30,292 - 🔮 Chronos forecast: 10 steps, median range [664.43, 669.35]
2025-12-16 00:41:30,292 - 🔮 Chronos: Bearish trend, Low confidence
2025-12-16 00:41:30,292 - 📰 Fetching news for SPY...
2025-12-16 00:41:30,292 - 📊 FinBERT: neutral (0.00) from 2 headlines
2025-12-16 00:41:31,113 - 🔮 Chronos forecast: 10 steps, median range [659.80, 669.65]
2025-12-16 00:41:31,113 - 🔮 Chronos: Bearish trend, Low confidence
2025-12-16 00:41:31,113 - 📰 Fetching news for SPY...
2025-12-16 00:41:31,113 - 📊 FinBERT: neutral (0.00) from 1 headlines
2025-12-16 00:41:31,864 - 🔮 Chronos forecast: 10 steps, median range [670.24, 677.63]
2025-12-16 00:41:31,864 - 🔮 Chronos: Bearish trend, Low confidence
2025-12-16 00:41:31,864 - 📰 Fetching news for SPY...
2025-12-16 00:41:31,864 - 📊 FinBERT: neutral (0.00) from 2 headlines
2025-12-16 00:41:32,628 - 🔮 Chronos forecast: 10 steps, median range [675.73, 680.67]
2025-12-16 00:41:32,629 - 🔮 Chronos: Bearish trend, Low confidence
2025-12-16 00:41:32,629 - 📰 Fetching news for SPY...
2025-12-16 00:41:32,629 - 📊 FinBERT: neutral (0.00) from 1 headlines
2025-12-16 00:41:33,418 - 🔮 Chronos forecast: 10 steps, median range [676.23, 683.64]
2025-12-16 00:41:33,418 - 🔮 Chronos: Bullish trend, Low confidence
2025-12-16 00:41:33,418 - 📰 Fetching news for SPY...
2025-12-16 00:41:33,418 - 📊 FinBERT: neutral (0.00) from 1 headlines
2025-12-16 00:41:34,178 - 🔮 Chronos forecast: 10 steps, median range [666.45, 676.33]
2025-12-16 00:41:34,178 - 🔮 Chronos: Bullish trend, Low confidence
2025-12-16 00:41:34,178 - 📰 Fetching news for SPY...
2025-12-16 00:41:34,178 - 📊 FinBERT: neutral (0.00) from 2 headlines
2025-12-16 00:41:34,825 - 🔮 Chronos forecast: 10 steps, median range [666.54, 678.89]
2025-12-16 00:41:34,825 - 🔮 Chronos: Bullish trend, Low confidence
2025-12-16 00:41:34,825 - 📰 Fetching news for SPY...
2025-12-16 00:41:34,825 - 📊 FinBERT: neutral (0.00) from 1 headlines
2025-12-16 00:41:35,464 - 🔮 Chronos forecast: 10 steps, median range [666.35, 673.75]
2025-12-16 00:41:35,465 - 🔮 Chronos: Bullish trend, Low confidence
2025-12-16 00:41:35,465 - 📰 Fetching news for SPY...
2025-12-16 00:41:35,465 - 📊 FinBERT: neutral (0.00) from 1 headlines
2025-12-16 00:41:36,245 - 🔮 Chronos forecast: 10 steps, median range [661.12, 680.85]
2025-12-16 00:41:36,245 - 🔮 Chronos: Bullish trend, Low confidence
2025-12-16 00:41:36,245 - 📰 Fetching news for SPY...
2025-12-16 00:41:36,245 - 📊 FinBERT: neutral (0.00) from 1 headlines
2025-12-16 00:41:37,031 - 🔮 Chronos forecast: 10 steps, median range [660.77, 685.43]
2025-12-16 00:41:37,031 - 🔮 Chronos: Bullish trend, Low confidence
2025-12-16 00:41:37,031 - 📰 Fetching news for SPY...
2025-12-16 00:41:37,031 - 📊 FinBERT: neutral (0.00) from 1 headlines
2025-12-16 00:41:37,798 - 🔮 Chronos forecast: 10 steps, median range [657.70, 670.02]
2025-12-16 00:41:37,798 - 🔮 Chronos: Bullish trend, Low confidence
2025-12-16 00:41:37,798 - 📰 Fetching news for SPY...
2025-12-16 00:41:37,798 - 📊 FinBERT: neutral (0.00) from 2 headlines
2025-12-16 00:41:38,794 - 🔮 Chronos forecast: 10 steps, median range [662.82, 677.61]
2025-12-16 00:41:38,795 - 🔮 Chronos: Bullish trend, Low confidence
2025-12-16 00:41:38,795 - 📰 Fetching news for SPY...
2025-12-16 00:41:38,795 - 📊 FinBERT: neutral (0.00) from 1 headlines
2025-12-16 00:41:39,952 - 🔮 Chronos forecast: 10 steps, median range [665.48, 680.26]
2025-12-16 00:41:39,954 - 🔮 Chronos: Bearish trend, Low confidence
2025-12-16 00:41:39,954 - 📰 Fetching news for SPY...
2025-12-16 00:41:39,955 - 📊 FinBERT: neutral (0.00) from 2 headlines
2025-12-16 00:41:40,687 - 🔮 Chronos forecast: 10 steps, median range [680.70, 688.09]
2025-12-16 00:41:40,687 - 🔮 Chronos: Bullish trend, Low confidence
2025-12-16 00:41:40,687 - 📰 Fetching news for SPY...
2025-12-16 00:41:40,687 - 📊 FinBERT: neutral (0.00) from 1 headlines
2025-12-16 00:41:41,397 - 🔮 Chronos forecast: 10 steps, median range [671.31, 686.12]
2025-12-16 00:41:41,398 - 🔮 Chronos: Bearish trend, Low confidence
2025-12-16 00:41:41,398 - 📰 Fetching news for SPY...
2025-12-16 00:41:41,398 - 📊 FinBERT: neutral (0.00) from 1 headlines
2025-12-16 00:41:42,184 - 🔮 Chronos forecast: 10 steps, median range [677.01, 686.89]
2025-12-16 00:41:42,184 - 🔮 Chronos: Bearish trend, Low confidence
2025-12-16 00:41:42,184 - 📰 Fetching news for SPY...
2025-12-16 00:41:42,184 - 📊 FinBERT: neutral (0.00) from 1 headlines
2025-12-16 00:41:42,980 - 🔮 Chronos forecast: 10 steps, median range [672.60, 682.49]
2025-12-16 00:41:42,980 - 🔮 Chronos: Bullish trend, Low confidence
2025-12-16 00:41:42,980 - 📰 Fetching news for SPY...
2025-12-16 00:41:42,980 - 📊 FinBERT: neutral (0.00) from 1 headlines
2025-12-16 00:41:43,761 - 🔮 Chronos forecast: 10 steps, median range [672.94, 682.83]
2025-12-16 00:41:43,761 - 🔮 Chronos: Bullish trend, Low confidence
2025-12-16 00:41:43,761 - 📰 Fetching news for SPY...
2025-12-16 00:41:43,761 - 📊 FinBERT: neutral (0.00) from 1 headlines
2025-12-16 00:41:44,514 - 🔮 Chronos forecast: 10 steps, median range [668.40, 683.26]
2025-12-16 00:41:44,514 - 🔮 Chronos: Bearish trend, Low confidence
2025-12-16 00:41:44,514 - 📰 Fetching news for SPY...
2025-12-16 00:41:44,514 - 📊 FinBERT: neutral (0.00) from 1 headlines
2025-12-16 00:41:45,155 - 🔮 Chronos forecast: 10 steps, median range [673.91, 683.82]
2025-12-16 00:41:45,155 - 🔮 Chronos: Bearish trend, Low confidence
2025-12-16 00:41:45,155 - 📰 Fetching news for SPY...
2025-12-16 00:41:45,155 - 📊 FinBERT: neutral (0.00) from 1 headlines
2025-12-16 00:41:45,841 - 🔮 Chronos forecast: 10 steps, median range [671.89, 686.77]
2025-12-16 00:41:45,841 - 🔮 Chronos: Bearish trend, Low confidence
2025-12-16 00:41:45,841 - 📰 Fetching news for SPY...
2025-12-16 00:41:45,841 - 📊 FinBERT: neutral (0.00) from 1 headlines
2025-12-16 00:41:46,520 - 🔮 Chronos forecast: 10 steps, median range [674.58, 686.98]
2025-12-16 00:41:46,520 - 🔮 Chronos: Bearish trend, Low confidence
2025-12-16 00:41:46,520 - 📰 Fetching news for SPY...
2025-12-16 00:41:46,521 - 📊 FinBERT: neutral (0.00) from 1 headlines
2025-12-16 00:41:47,260 - 🔮 Chronos forecast: 10 steps, median range [676.99, 691.87]
2025-12-16 00:41:47,260 - 🔮 Chronos: Bearish trend, Low confidence
2025-12-16 00:41:47,260 - 📰 Fetching news for SPY...
2025-12-16 00:41:47,260 - 📊 FinBERT: neutral (0.00) from 1 headlines
2025-12-16 00:41:48,135 - 🔮 Chronos forecast: 10 steps, median range [674.53, 689.40]
2025-12-16 00:41:48,136 - 🔮 Chronos: Bearish trend, Low confidence
2025-12-16 00:41:48,136 - 📰 Fetching news for SPY...
2025-12-16 00:41:48,136 - 📊 FinBERT: neutral (0.00) from 1 headlines
2025-12-16 00:41:48,922 - 🔮 Chronos forecast: 10 steps, median range [679.54, 689.47]
2025-12-16 00:41:48,922 - 🔮 Chronos: Bearish trend, Low confidence
2025-12-16 00:41:48,922 - 📰 Fetching news for SPY...
2025-12-16 00:41:48,922 - 📊 FinBERT: neutral (0.00) from 1 headlines
2025-12-16 00:41:49,553 - 🔮 Chronos forecast: 10 steps, median range [674.65, 684.57]
2025-12-16 00:41:49,553 - 🔮 Chronos: Bearish trend, Low confidence
2025-12-16 00:41:49,553 - 📰 Fetching news for SPY...
2025-12-16 00:41:49,553 - 📊 FinBERT: neutral (0.00) from 2 headlines
2025-12-16 00:41:50,216 - 🔮 Chronos forecast: 10 steps, median range [674.60, 684.53]
2025-12-16 00:41:50,216 - 🔮 Chronos: Bullish trend, Low confidence
2025-12-16 00:41:50,216 - 📰 Fetching news for SPY...
2025-12-16 00:41:50,216 - 📊 FinBERT: neutral (0.00) from 1 headlines
2025-12-16 00:41:50,217 - ✅ Backtest finished in 148.16s
2025-12-16 00:41:50,217 - 
============================================================
2025-12-16 00:41:50,217 - 📊 BACKTEST TELEMETRY SUMMARY
2025-12-16 00:41:50,217 - ============================================================
2025-12-16 00:41:50,217 - Market Events:     250
2025-12-16 00:41:50,217 - Signals Generated: 1
2025-12-16 00:41:50,217 - Signals Delayed:   1
2025-12-16 00:41:50,217 - Orders Executed:   1
2025-12-16 00:41:50,217 - Fills Processed:   1
2025-12-16 00:41:50,217 - Max Buffer Size:   1
2025-12-16 00:41:50,217 - Agent Latency:     10ms
2025-12-16 00:41:50,217 - ============================================================

2025-12-16 00:41:50,217 - 
📋 TRANSACTION AUDIT (First 5 Signals)
2025-12-16 00:41:50,217 - Time                      | Signal | Alpha  | Risk Size ($)   | Fill?
2025-12-16 00:41:50,217 - --------------------------------------------------------------------------------
2025-12-16 00:41:50,217 - --------------------------------------------------------------------------------
2025-12-16 00:41:50,217 - 
🏆 VERIFICATION RESULTS
2025-12-16 00:41:50,217 - ✅ Executions Occurred: 1 fills
2025-12-16 00:41:50,220 - ✅ Sharpe Ratio Calculated: 1.10
2025-12-16 00:41:50,221 - ✅ Risk Node actively sizing trades (> $0)
2025-12-16 00:41:50,221 - ✅ Race Condition Fix Verified (SimulatedExecutionHandler processed 1 fills)
2025-12-16 00:41:50,221 - ✅ ALPHA CONVERGENCE: Found 83 signals with Alpha > 2.0 (Max: 7.97)
ANALYST: 🧠 Signal BUY | Conf 1.00 | FV 33.3627 | FA 7.1646 | Mock LLM heuristic based on velocity
ANALYST: 🧠 Signal BUY | Conf 1.00 | FV 31.0116 | FA 7.1608 | Mock LLM heuristic based on velocity
ANALYST: 🧠 Signal BUY | Conf 1.00 | FV 29.4714 | FA 6.8116 | Mock LLM heuristic based on velocity
ANALYST: 🧠 Signal BUY | Conf 1.00 | FV 30.6563 | FA 7.0546 | Mock LLM heuristic based on velocity
ANALYST: 🧠 Signal BUY | Conf 1.00 | FV 30.7926 | FA 7.0990 | Mock LLM heuristic based on velocity
ANALYST: 🧠 Signal BUY | Conf 1.00 | FV 30.7157 | FA 7.0830 | Mock LLM heuristic based on velocity
ANALYST: 🧠 Signal BUY | Conf 1.00 | FV 28.4915 | FA 6.5941 | Mock LLM heuristic based on velocity
ANALYST: 🧠 Signal BUY | Conf 1.00 | FV 29.6684 | FA 6.8265 | Mock LLM heuristic based on velocity
ANALYST: 🧠 Signal BUY | Conf 1.00 | FV 29.2595 | FA 6.7516 | Mock LLM heuristic based on velocity
ANALYST: 🧠 Signal BUY | Conf 1.00 | FV 28.2439 | FA 6.5233 | Mock LLM heuristic based on velocity
ANALYST: 🧠 Signal BUY | Conf 1.00 | FV 29.8468 | FA 6.8635 | Mock LLM heuristic based on velocity
ANALYST: 🧠 Signal BUY | Conf 1.00 | FV 29.0063 | FA 6.6982 | Mock LLM heuristic based on velocity
ANALYST: 🧠 Signal BUY | Conf 1.00 | FV 28.9722 | FA 6.6801 | Mock LLM heuristic based on velocity
ANALYST: 🧠 Signal BUY | Conf 1.00 | FV 28.8221 | FA 6.6472 | Mock LLM heuristic based on velocity
ANALYST: 🧠 Signal BUY | Conf 1.00 | FV 27.5583 | FA 6.3682 | Mock LLM heuristic based on velocity
ANALYST: 🧠 Signal BUY | Conf 1.00 | FV 24.4587 | FA 5.6735 | Mock LLM heuristic based on velocity
ANALYST: 🧠 Signal BUY | Conf 1.00 | FV 24.4288 | FA 5.6315 | Mock LLM heuristic based on velocity
ANALYST: 🧠 Signal BUY | Conf 1.00 | FV 24.0405 | FA 5.5475 | Mock LLM heuristic based on velocity
ANALYST: 🧠 Signal BUY | Conf 1.00 | FV 24.4729 | FA 5.6377 | Mock LLM heuristic based on velocity
ANALYST: 🧠 Signal BUY | Conf 1.00 | FV 21.8536 | FA 5.0683 | Mock LLM heuristic based on velocity
ANALYST: 🧠 Signal BUY | Conf 1.00 | FV 25.2354 | FA 5.7795 | Mock LLM heuristic based on velocity
ANALYST: 🧠 Signal BUY | Conf 1.00 | FV 21.7793 | FA 5.0620 | Mock LLM heuristic based on velocity
ANALYST: 🧠 Signal BUY | Conf 1.00 | FV 20.4808 | FA 4.7350 | Mock LLM heuristic based on velocity
ANALYST: 🧠 Signal BUY | Conf 1.00 | FV 23.1153 | FA 5.2998 | Mock LLM heuristic based on velocity
ANALYST: 🧠 Signal BUY | Conf 1.00 | FV 19.9720 | FA 4.6414 | Mock LLM heuristic based on velocity
ANALYST: 🧠 Signal BUY | Conf 1.00 | FV 21.6749 | FA 4.9770 | Mock LLM heuristic based on velocity
ANALYST: 🧠 Signal BUY | Conf 1.00 | FV 17.4221 | FA 4.0654 | Mock LLM heuristic based on velocity
ANALYST: 🧠 Signal BUY | Conf 1.00 | FV 17.5053 | FA 4.0332 | Mock LLM heuristic based on velocity
ANALYST: 🧠 Signal BUY | Conf 1.00 | FV 19.3905 | FA 4.4501 | Mock LLM heuristic based on velocity
ANALYST: 🧠 Signal BUY | Conf 1.00 | FV 17.4804 | FA 4.0527 | Mock LLM heuristic based on velocity
ANALYST: 🧠 Signal BUY | Conf 1.00 | FV 21.4634 | FA 4.9034 | Mock LLM heuristic based on velocity
ANALYST: 🧠 Signal BUY | Conf 1.00 | FV 22.0144 | FA 5.0717 | Mock LLM heuristic based on velocity
ANALYST: 🧠 Signal BUY | Conf 1.00 | FV 19.5824 | FA 4.5424 | Mock LLM heuristic based on velocity
ANALYST: 🧠 Signal BUY | Conf 1.00 | FV 21.5515 | FA 4.9460 | Mock LLM heuristic based on velocity
ANALYST: 🧠 Signal BUY | Conf 1.00 | FV 20.6111 | FA 4.7639 | Mock LLM heuristic based on velocity
ANALYST: 🧠 Signal BUY | Conf 1.00 | FV 20.5386 | FA 4.7359 | Mock LLM heuristic based on velocity
ANALYST: 🧠 Signal BUY | Conf 1.00 | FV 23.2752 | FA 5.3361 | Mock LLM heuristic based on velocity
ANALYST: 🧠 Signal BUY | Conf 1.00 | FV 22.6227 | FA 5.2248 | Mock LLM heuristic based on velocity
ANALYST: 🧠 Signal BUY | Conf 1.00 | FV 20.0296 | FA 4.6468 | Mock LLM heuristic based on velocity
⚖️ RISK: Alpha=2.99 | ES_95=38.4998 | Size=0.00%
ANALYST: 🧠 Signal BUY | Conf 1.00 | FV 19.8882 | FA 4.5860 | Mock LLM heuristic based on velocity
⚖️ RISK: Alpha=2.99 | ES_95=28.5626 | Size=0.00%
⚖️ PORTFOLIO: Generated BUY for 177 SPY ($100000.00)
ANALYST: 🧠 Signal BUY | Conf 1.00 | FV 16.8610 | FA 3.9215 | Mock LLM heuristic based on velocity
⚖️ RISK: Alpha=4.30 | ES_95=55.9364 | Size=0.00%
Filled: BUY 177 SPY @ 569.7258403198291. Cash: -842.47
ANALYST: 🧠 Signal BUY | Conf 1.00 | FV 18.9720 | FA 4.3494 | Mock LLM heuristic based on velocity
⚖️ RISK: Alpha=4.30 | ES_95=51.0469 | Size=0.00%
ANALYST: 🧠 Signal BUY | Conf 1.00 | FV 19.5079 | FA 4.4931 | Mock LLM heuristic based on velocity
⚖️ RISK: Alpha=4.30 | ES_95=34.3848 | Size=0.00%
ANALYST: 🧠 Signal BUY | Conf 1.00 | FV 20.3561 | FA 4.6842 | Mock LLM heuristic based on velocity
⚖️ RISK: Alpha=4.30 | ES_95=33.9556 | Size=15.50%
ANALYST: 🧠 Signal BUY | Conf 1.00 | FV 12.1203 | FA 2.8869 | Mock LLM heuristic based on velocity
⚖️ RISK: Alpha=2.01 | ES_95=62.6053 | Size=0.16%
ANALYST: 🧠 Signal BUY | Conf 1.00 | FV 5.6461 | FA 1.3701 | Mock LLM heuristic based on velocity
ANALYST: 🧠 Signal BUY | Conf 1.00 | FV 9.3744 | FA 2.1170 | Mock LLM heuristic based on velocity
ANALYST: 🧠 Signal BUY | Conf 1.00 | FV 9.0317 | FA 2.0883 | Mock LLM heuristic based on velocity
ANALYST: 🧠 Signal BUY | Conf 1.00 | FV 25.3655 | FA 5.6659 | Mock LLM heuristic based on velocity
ANALYST: 🧠 Signal BUY | Conf 1.00 | FV 14.6857 | FA 3.5132 | Mock LLM heuristic based on velocity
⚖️ RISK: Alpha=2.34 | ES_95=111.9346 | Size=0.00%
ANALYST: 🧠 Signal BUY | Conf 1.00 | FV 17.8719 | FA 4.0795 | Mock LLM heuristic based on velocity
⚖️ RISK: Alpha=2.34 | ES_95=83.1682 | Size=0.00%
ANALYST: 🧠 Signal BUY | Conf 1.00 | FV 18.8578 | FA 4.3390 | Mock LLM heuristic based on velocity
ANALYST: 🧠 Signal BUY | Conf 1.00 | FV 17.6590 | FA 4.0854 | Mock LLM heuristic based on velocity
ANALYST: 🧠 Signal BUY | Conf 1.00 | FV 14.0866 | FA 3.2872 | Mock LLM heuristic based on velocity
ANALYST: 🧠 Signal BUY | Conf 1.00 | FV 15.2857 | FA 3.5094 | Mock LLM heuristic based on velocity
ANALYST: 🧠 Signal BUY | Conf 1.00 | FV 12.1037 | FA 2.8270 | Mock LLM heuristic based on velocity
ANALYST: 🧠 Signal BUY | Conf 1.00 | FV 17.1539 | FA 3.8972 | Mock LLM heuristic based on velocity
ANALYST: 🧠 Signal BUY | Conf 1.00 | FV 18.8201 | FA 4.3233 | Mock LLM heuristic based on velocity
ANALYST: 🧠 Signal BUY | Conf 1.00 | FV 20.9452 | FA 4.8063 | Mock LLM heuristic based on velocity
ANALYST: 🧠 Signal BUY | Conf 1.00 | FV 20.5719 | FA 4.7484 | Mock LLM heuristic based on velocity
ANALYST: 🧠 Signal BUY | Conf 1.00 | FV 19.5656 | FA 4.5223 | Mock LLM heuristic based on velocity
ANALYST: 🧠 Signal BUY | Conf 1.00 | FV 19.9850 | FA 4.6028 | Mock LLM heuristic based on velocity
ANALYST: 🧠 Signal BUY | Conf 1.00 | FV 19.3837 | FA 4.4763 | Mock LLM heuristic based on velocity
ANALYST: 🧠 Signal BUY | Conf 1.00 | FV 20.0720 | FA 4.6200 | Mock LLM heuristic based on velocity
ANALYST: 🧠 Signal BUY | Conf 1.00 | FV 21.7663 | FA 5.0001 | Mock LLM heuristic based on velocity
ANALYST: 🧠 Signal BUY | Conf 1.00 | FV 19.7011 | FA 4.5664 | Mock LLM heuristic based on velocity
ANALYST: 🧠 Signal BUY | Conf 1.00 | FV 18.0662 | FA 4.1828 | Mock LLM heuristic based on velocity
ANALYST: 🧠 Signal BUY | Conf 1.00 | FV 18.9378 | FA 4.3561 | Mock LLM heuristic based on velocity
ANALYST: 🧠 Signal BUY | Conf 1.00 | FV 19.8116 | FA 4.5587 | Mock LLM heuristic based on velocity
ANALYST: 🧠 Signal BUY | Conf 1.00 | FV 19.0559 | FA 4.4026 | Mock LLM heuristic based on velocity
ANALYST: 🧠 Signal BUY | Conf 1.00 | FV 24.0568 | FA 5.4906 | Mock LLM heuristic based on velocity
ANALYST: 🧠 Signal BUY | Conf 1.00 | FV 23.3046 | FA 5.3842 | Mock LLM heuristic based on velocity
ANALYST: 🧠 Signal BUY | Conf 1.00 | FV 22.2764 | FA 5.1473 | Mock LLM heuristic based on velocity
ANALYST: 🧠 Signal BUY | Conf 1.00 | FV 22.4123 | FA 5.1657 | Mock LLM heuristic based on velocity
ANALYST: 🧠 Signal BUY | Conf 1.00 | FV 22.7971 | FA 5.2522 | Mock LLM heuristic based on velocity
ANALYST: 🧠 Signal BUY | Conf 1.00 | FV 22.2300 | FA 5.1321 | Mock LLM heuristic based on velocity
ANALYST: 🧠 Signal BUY | Conf 1.00 | FV 21.1762 | FA 4.8941 | Mock LLM heuristic based on velocity
ANALYST: 🧠 Signal BUY | Conf 1.00 | FV 18.2416 | FA 4.2383 | Mock LLM heuristic based on velocity
ANALYST: 🧠 Signal BUY | Conf 1.00 | FV 19.0930 | FA 4.3914 | Mock LLM heuristic based on velocity
ANALYST: 🧠 Signal BUY | Conf 1.00 | FV 18.2404 | FA 4.2157 | Mock LLM heuristic based on velocity
ANALYST: 🧠 Signal BUY | Conf 1.00 | FV 22.0635 | FA 5.0441 | Mock LLM heuristic based on velocity
ANALYST: 🧠 Signal BUY | Conf 1.00 | FV 20.1693 | FA 4.6735 | Mock LLM heuristic based on velocity
ANALYST: 🧠 Signal BUY | Conf 1.00 | FV 20.6933 | FA 4.7644 | Mock LLM heuristic based on velocity
ANALYST: 🧠 Signal BUY | Conf 1.00 | FV 20.2338 | FA 4.6708 | Mock LLM heuristic based on velocity
ANALYST: 🧠 Signal BUY | Conf 1.00 | FV 21.0591 | FA 4.8462 | Mock LLM heuristic based on velocity
ANALYST: 🧠 Signal BUY | Conf 1.00 | FV 21.6223 | FA 4.9796 | Mock LLM heuristic based on velocity
ANALYST: 🧠 Signal BUY | Conf 1.00 | FV 21.0494 | FA 4.8600 | Mock LLM heuristic based on velocity
ANALYST: 🧠 Signal BUY | Conf 1.00 | FV 19.9792 | FA 4.6183 | Mock LLM heuristic based on velocity
ANALYST: 🧠 Signal BUY | Conf 1.00 | FV 21.8025 | FA 5.0062 | Mock LLM heuristic based on velocity
ANALYST: 🧠 Signal BUY | Conf 1.00 | FV 21.3936 | FA 4.9382 | Mock LLM heuristic based on velocity
ANALYST: 🧠 Signal BUY | Conf 1.00 | FV 22.0005 | FA 5.0657 | Mock LLM heuristic based on velocity
ANALYST: 🧠 Signal BUY | Conf 1.00 | FV 21.0133 | FA 4.8564 | Mock LLM heuristic based on velocity
ANALYST: 🧠 Signal BUY | Conf 1.00 | FV 21.5687 | FA 4.9664 | Mock LLM heuristic based on velocity
ANALYST: 🧠 Signal BUY | Conf 1.00 | FV 19.3514 | FA 4.4869 | Mock LLM heuristic based on velocity
ANALYST: 🧠 Signal BUY | Conf 1.00 | FV 21.3806 | FA 4.9060 | Mock LLM heuristic based on velocity
ANALYST: 🧠 Signal BUY | Conf 1.00 | FV 19.5666 | FA 4.5328 | Mock LLM heuristic based on velocity
ANALYST: 🧠 Signal BUY | Conf 1.00 | FV 19.8083 | FA 4.5636 | Mock LLM heuristic based on velocity
ANALYST: 🧠 Signal BUY | Conf 1.00 | FV 19.5317 | FA 4.5067 | Mock LLM heuristic based on velocity
ANALYST: 🧠 Signal BUY | Conf 1.00 | FV 21.3422 | FA 4.9005 | Mock LLM heuristic based on velocity
ANALYST: 🧠 Signal BUY | Conf 1.00 | FV 22.7273 | FA 5.2257 | Mock LLM heuristic based on velocity
ANALYST: 🧠 Signal BUY | Conf 1.00 | FV 21.9708 | FA 5.0749 | Mock LLM heuristic based on velocity
ANALYST: 🧠 Signal BUY | Conf 1.00 | FV 22.8798 | FA 5.2649 | Mock LLM heuristic based on velocity
ANALYST: 🧠 Signal BUY | Conf 1.00 | FV 23.0688 | FA 5.3174 | Mock LLM heuristic based on velocity
ANALYST: 🧠 Signal BUY | Conf 1.00 | FV 23.2567 | FA 5.3603 | Mock LLM heuristic based on velocity
ANALYST: 🧠 Signal BUY | Conf 1.00 | FV 22.5838 | FA 5.2148 | Mock LLM heuristic based on velocity
ANALYST: 🧠 Signal BUY | Conf 1.00 | FV 23.0505 | FA 5.3092 | Mock LLM heuristic based on velocity
ANALYST: 🧠 Signal BUY | Conf 1.00 | FV 23.9585 | FA 5.5143 | Mock LLM heuristic based on velocity
ANALYST: 🧠 Signal BUY | Conf 1.00 | FV 21.9042 | FA 5.0738 | Mock LLM heuristic based on velocity
ANALYST: 🧠 Signal BUY | Conf 1.00 | FV 21.8431 | FA 5.0361 | Mock LLM heuristic based on velocity
ANALYST: 🧠 Signal BUY | Conf 1.00 | FV 22.8816 | FA 5.2643 | Mock LLM heuristic based on velocity
ANALYST: 🧠 Signal BUY | Conf 1.00 | FV 22.9568 | FA 5.2929 | Mock LLM heuristic based on velocity
ANALYST: 🧠 Signal BUY | Conf 1.00 | FV 21.9305 | FA 5.0680 | Mock LLM heuristic based on velocity
ANALYST: 🧠 Signal BUY | Conf 1.00 | FV 22.2448 | FA 5.1250 | Mock LLM heuristic based on velocity
ANALYST: 🧠 Signal BUY | Conf 1.00 | FV 21.3219 | FA 4.9267 | Mock LLM heuristic based on velocity
ANALYST: 🧠 Signal BUY | Conf 1.00 | FV 22.0284 | FA 5.0708 | Mock LLM heuristic based on velocity
ANALYST: 🧠 Signal BUY | Conf 1.00 | FV 22.9298 | FA 5.2773 | Mock LLM heuristic based on velocity
ANALYST: 🧠 Signal BUY | Conf 1.00 | FV 22.3230 | FA 5.1542 | Mock LLM heuristic based on velocity
ANALYST: 🧠 Signal BUY | Conf 1.00 | FV 22.4542 | FA 5.1755 | Mock LLM heuristic based on velocity
ANALYST: 🧠 Signal BUY | Conf 1.00 | FV 22.2422 | FA 5.1309 | Mock LLM heuristic based on velocity
ANALYST: 🧠 Signal BUY | Conf 1.00 | FV 23.5895 | FA 5.4239 | Mock LLM heuristic based on velocity
ANALYST: 🧠 Signal BUY | Conf 1.00 | FV 23.0373 | FA 5.3186 | Mock LLM heuristic based on velocity
ANALYST: 🧠 Signal BUY | Conf 1.00 | FV 23.4505 | FA 5.4021 | Mock LLM heuristic based on velocity
ANALYST: 🧠 Signal BUY | Conf 1.00 | FV 22.9593 | FA 5.2995 | Mock LLM heuristic based on velocity
ANALYST: 🧠 Signal BUY | Conf 1.00 | FV 22.2405 | FA 5.1358 | Mock LLM heuristic based on velocity
ANALYST: 🧠 Signal BUY | Conf 1.00 | FV 22.0074 | FA 5.0766 | Mock LLM heuristic based on velocity
ANALYST: 🧠 Signal BUY | Conf 1.00 | FV 21.3525 | FA 4.9305 | Mock LLM heuristic based on velocity
ANALYST: 🧠 Signal BUY | Conf 1.00 | FV 18.6066 | FA 4.3205 | Mock LLM heuristic based on velocity
ANALYST: 🧠 Signal BUY | Conf 1.00 | FV 22.2824 | FA 5.0953 | Mock LLM heuristic based on velocity
ANALYST: 🧠 Signal BUY | Conf 1.00 | FV 20.9347 | FA 4.8439 | Mock LLM heuristic based on velocity
ANALYST: 🧠 Signal BUY | Conf 1.00 | FV 22.3617 | FA 5.1393 | Mock LLM heuristic based on velocity
ANALYST: 🧠 Signal BUY | Conf 1.00 | FV 21.8144 | FA 5.0366 | Mock LLM heuristic based on velocity
ANALYST: 🧠 Signal BUY | Conf 1.00 | FV 23.0515 | FA 5.3009 | Mock LLM heuristic based on velocity
ANALYST: 🧠 Signal BUY | Conf 1.00 | FV 22.1550 | FA 5.1189 | Mock LLM heuristic based on velocity
ANALYST: 🧠 Signal BUY | Conf 1.00 | FV 23.9057 | FA 5.4920 | Mock LLM heuristic based on velocity
ANALYST: 🧠 Signal BUY | Conf 1.00 | FV 23.7981 | FA 5.4893 | Mock LLM heuristic based on velocity
ANALYST: 🧠 Signal BUY | Conf 1.00 | FV 23.2320 | FA 5.3628 | Mock LLM heuristic based on velocity
ANALYST: 🧠 Signal BUY | Conf 1.00 | FV 22.4984 | FA 5.1954 | Mock LLM heuristic based on velocity
ANALYST: 🧠 Signal BUY | Conf 1.00 | FV 22.4041 | FA 5.1665 | Mock LLM heuristic based on velocity
ANALYST: 🧠 Signal BUY | Conf 1.00 | FV 21.3495 | FA 4.9343 | Mock LLM heuristic based on velocity
ANALYST: 🧠 Signal BUY | Conf 1.00 | FV 21.1111 | FA 4.8698 | Mock LLM heuristic based on velocity
ANALYST: 🧠 Signal BUY | Conf 1.00 | FV 20.6174 | FA 4.7592 | Mock LLM heuristic based on velocity
ANALYST: 🧠 Signal BUY | Conf 1.00 | FV 23.6817 | FA 5.4259 | Mock LLM heuristic based on velocity
ANALYST: 🧠 Signal BUY | Conf 1.00 | FV 22.0951 | FA 5.1137 | Mock LLM heuristic based on velocity
ANALYST: 🧠 Signal BUY | Conf 1.00 | FV 22.7426 | FA 5.2357 | Mock LLM heuristic based on velocity
ANALYST: 🧠 Signal BUY | Conf 1.00 | FV 22.8491 | FA 5.2675 | Mock LLM heuristic based on velocity
ANALYST: 🧠 Signal BUY | Conf 1.00 | FV 23.1701 | FA 5.3388 | Mock LLM heuristic based on velocity
ANALYST: 🧠 Signal BUY | Conf 1.00 | FV 21.6816 | FA 5.0159 | Mock LLM heuristic based on velocity
ANALYST: 🧠 Signal BUY | Conf 1.00 | FV 20.4688 | FA 4.7323 | Mock LLM heuristic based on velocity
⚖️ RISK: Alpha=3.07 | ES_95=11.2745 | Size=20.00%
ANALYST: 🧠 Signal BUY | Conf 1.00 | FV 21.9211 | FA 5.0376 | Mock LLM heuristic based on velocity
⚖️ RISK: Alpha=4.76 | ES_95=23.3188 | Size=5.07%
ANALYST: 🧠 Signal BUY | Conf 1.00 | FV 23.2904 | FA 5.3556 | Mock LLM heuristic based on velocity
⚖️ RISK: Alpha=4.76 | ES_95=26.3482 | Size=0.00%
ANALYST: 🧠 Signal BUY | Conf 1.00 | FV 22.1635 | FA 5.1235 | Mock LLM heuristic based on velocity
⚖️ RISK: Alpha=4.76 | ES_95=19.9626 | Size=4.79%
ANALYST: 🧠 Signal BUY | Conf 1.00 | FV 22.5049 | FA 5.1846 | Mock LLM heuristic based on velocity
⚖️ RISK: Alpha=4.76 | ES_95=19.9749 | Size=0.00%
ANALYST: 🧠 Signal BUY | Conf 1.00 | FV 22.7114 | FA 5.2345 | Mock LLM heuristic based on velocity
⚖️ RISK: Alpha=4.79 | ES_95=34.3204 | Size=0.00%
ANALYST: 🧠 Signal BUY | Conf 1.00 | FV 22.9617 | FA 5.2916 | Mock LLM heuristic based on velocity
⚖️ RISK: Alpha=4.79 | ES_95=23.4038 | Size=0.00%
ANALYST: 🧠 Signal BUY | Conf 1.00 | FV 24.1566 | FA 5.5566 | Mock LLM heuristic based on velocity
⚖️ RISK: Alpha=2.60 | ES_95=39.6833 | Size=0.00%
ANALYST: 🧠 Signal BUY | Conf 1.00 | FV 23.3999 | FA 5.4044 | Mock LLM heuristic based on velocity
⚖️ RISK: Alpha=3.29 | ES_95=27.2472 | Size=20.00%
ANALYST: 🧠 Signal BUY | Conf 1.00 | FV 24.0510 | FA 5.5378 | Mock LLM heuristic based on velocity
⚖️ RISK: Alpha=3.29 | ES_95=15.5473 | Size=0.00%
ANALYST: 🧠 Signal BUY | Conf 1.00 | FV 23.2733 | FA 5.3752 | Mock LLM heuristic based on velocity
⚖️ RISK: Alpha=3.26 | ES_95=18.9884 | Size=20.00%
ANALYST: 🧠 Signal BUY | Conf 1.00 | FV 22.8308 | FA 5.2687 | Mock LLM heuristic based on velocity
⚖️ RISK: Alpha=3.26 | ES_95=23.9640 | Size=0.00%
ANALYST: 🧠 Signal BUY | Conf 1.00 | FV 23.6305 | FA 5.4394 | Mock LLM heuristic based on velocity
⚖️ RISK: Alpha=3.26 | ES_95=16.0003 | Size=20.00%
ANALYST: 🧠 Signal BUY | Conf 1.00 | FV 24.1817 | FA 5.5699 | Mock LLM heuristic based on velocity
⚖️ RISK: Alpha=3.26 | ES_95=19.0807 | Size=0.00%
ANALYST: 🧠 Signal BUY | Conf 1.00 | FV 24.5450 | FA 5.6556 | Mock LLM heuristic based on velocity
⚖️ RISK: Alpha=3.26 | ES_95=27.1386 | Size=12.36%
ANALYST: 🧠 Signal BUY | Conf 1.00 | FV 22.9418 | FA 5.3078 | Mock LLM heuristic based on velocity
⚖️ RISK: Alpha=3.26 | ES_95=17.6090 | Size=4.92%
ANALYST: 🧠 Signal BUY | Conf 1.00 | FV 22.3705 | FA 5.1636 | Mock LLM heuristic based on velocity
⚖️ RISK: Alpha=3.26 | ES_95=23.7585 | Size=5.44%
ANALYST: 🧠 Signal BUY | Conf 1.00 | FV 21.6632 | FA 5.0026 | Mock LLM heuristic based on velocity
⚖️ RISK: Alpha=3.26 | ES_95=24.1602 | Size=0.00%
ANALYST: 🧠 Signal BUY | Conf 1.00 | FV 23.0274 | FA 5.2939 | Mock LLM heuristic based on velocity
⚖️ RISK: Alpha=3.26 | ES_95=27.6381 | Size=0.00%
ANALYST: 🧠 Signal BUY | Conf 1.00 | FV 23.2985 | FA 5.3696 | Mock LLM heuristic based on velocity
⚖️ RISK: Alpha=3.26 | ES_95=23.0578 | Size=0.00%
ANALYST: 🧠 Signal BUY | Conf 1.00 | FV 23.6852 | FA 5.4569 | Mock LLM heuristic based on velocity
⚖️ RISK: Alpha=3.26 | ES_95=12.3130 | Size=10.80%
ANALYST: 🧠 Signal BUY | Conf 1.00 | FV 23.9306 | FA 5.5152 | Mock LLM heuristic based on velocity
⚖️ RISK: Alpha=3.26 | ES_95=19.6544 | Size=0.00%
ANALYST: 🧠 Signal BUY | Conf 1.00 | FV 23.7239 | FA 5.4725 | Mock LLM heuristic based on velocity
⚖️ RISK: Alpha=7.97 | ES_95=20.0735 | Size=0.00%
ANALYST: 🧠 Signal BUY | Conf 1.00 | FV 23.4201 | FA 5.4033 | Mock LLM heuristic based on velocity
⚖️ RISK: Alpha=7.97 | ES_95=19.3363 | Size=0.00%
ANALYST: 🧠 Signal BUY | Conf 1.00 | FV 23.9216 | FA 5.5099 | Mock LLM heuristic based on velocity
⚖️ RISK: Alpha=7.97 | ES_95=15.8784 | Size=1.44%
ANALYST: 🧠 Signal BUY | Conf 1.00 | FV 22.8658 | FA 5.2842 | Mock LLM heuristic based on velocity
⚖️ RISK: Alpha=7.97 | ES_95=24.4338 | Size=0.00%
ANALYST: 🧠 Signal BUY | Conf 1.00 | FV 24.0222 | FA 5.5254 | Mock LLM heuristic based on velocity
⚖️ RISK: Alpha=7.97 | ES_95=20.1980 | Size=20.00%
ANALYST: 🧠 Signal BUY | Conf 1.00 | FV 23.0722 | FA 5.3310 | Mock LLM heuristic based on velocity
⚖️ RISK: Alpha=7.97 | ES_95=24.8923 | Size=14.34%
ANALYST: 🧠 Signal BUY | Conf 1.00 | FV 17.8904 | FA 4.1824 | Mock LLM heuristic based on velocity
⚖️ RISK: Alpha=3.90 | ES_95=23.7326 | Size=11.06%
ANALYST: 🧠 Signal BUY | Conf 1.00 | FV 22.3677 | FA 5.1049 | Mock LLM heuristic based on velocity
⚖️ RISK: Alpha=4.27 | ES_95=31.5453 | Size=1.58%
ANALYST: 🧠 Signal BUY | Conf 1.00 | FV 21.9209 | FA 5.0616 | Mock LLM heuristic based on velocity
⚖️ RISK: Alpha=4.27 | ES_95=16.3764 | Size=0.00%
ANALYST: 🧠 Signal BUY | Conf 1.00 | FV 22.6947 | FA 5.2237 | Mock LLM heuristic based on velocity
⚖️ RISK: Alpha=4.27 | ES_95=16.3956 | Size=0.00%
ANALYST: 🧠 Signal BUY | Conf 1.00 | FV 21.1466 | FA 4.8935 | Mock LLM heuristic based on velocity
⚖️ RISK: Alpha=5.96 | ES_95=19.9223 | Size=0.00%
ANALYST: 🧠 Signal BUY | Conf 1.00 | FV 22.5043 | FA 5.1729 | Mock LLM heuristic based on velocity
⚖️ RISK: Alpha=5.96 | ES_95=20.3323 | Size=0.00%
ANALYST: 🧠 Signal BUY | Conf 1.00 | FV 24.2433 | FA 5.5711 | Mock LLM heuristic based on velocity
⚖️ RISK: Alpha=5.96 | ES_95=12.5275 | Size=0.00%
ANALYST: 🧠 Signal BUY | Conf 1.00 | FV 23.4783 | FA 5.4228 | Mock LLM heuristic based on velocity
⚖️ RISK: Alpha=5.96 | ES_95=19.5966 | Size=0.00%
ANALYST: 🧠 Signal BUY | Conf 1.00 | FV 22.1376 | FA 5.1188 | Mock LLM heuristic based on velocity
⚖️ RISK: Alpha=5.96 | ES_95=13.3374 | Size=0.00%
ANALYST: 🧠 Signal BUY | Conf 1.00 | FV 23.4070 | FA 5.3822 | Mock LLM heuristic based on velocity
⚖️ RISK: Alpha=5.96 | ES_95=16.0962 | Size=0.00%
ANALYST: 🧠 Signal BUY | Conf 1.00 | FV 24.6217 | FA 5.6642 | Mock LLM heuristic based on velocity
⚖️ RISK: Alpha=5.96 | ES_95=20.4368 | Size=0.00%
ANALYST: 🧠 Signal BUY | Conf 1.00 | FV 26.1780 | FA 6.0191 | Mock LLM heuristic based on velocity
⚖️ RISK: Alpha=5.96 | ES_95=25.5795 | Size=0.00%
ANALYST: 🧠 Signal BUY | Conf 1.00 | FV 25.6010 | FA 5.9100 | Mock LLM heuristic based on velocity
⚖️ RISK: Alpha=5.96 | ES_95=12.6112 | Size=0.00%
ANALYST: 🧠 Signal BUY | Conf 1.00 | FV 24.9874 | FA 5.7679 | Mock LLM heuristic based on velocity
⚖️ RISK: Alpha=5.96 | ES_95=25.2603 | Size=8.71%
ANALYST: 🧠 Signal BUY | Conf 1.00 | FV 22.4403 | FA 5.2023 | Mock LLM heuristic based on velocity
⚖️ RISK: Alpha=5.96 | ES_95=28.4454 | Size=2.23%
ANALYST: 🧠 Signal BUY | Conf 1.00 | FV 23.5161 | FA 5.4089 | Mock LLM heuristic based on velocity
⚖️ RISK: Alpha=5.96 | ES_95=28.8667 | Size=0.00%
ANALYST: 🧠 Signal BUY | Conf 1.00 | FV 23.8053 | FA 5.4862 | Mock LLM heuristic based on velocity
⚖️ RISK: Alpha=5.96 | ES_95=36.8057 | Size=0.00%
ANALYST: 🧠 Signal BUY | Conf 1.00 | FV 21.2948 | FA 4.9381 | Mock LLM heuristic based on velocity
⚖️ RISK: Alpha=5.96 | ES_95=20.1958 | Size=0.00%
ANALYST: 🧠 Signal BUY | Conf 1.00 | FV 22.5829 | FA 5.1914 | Mock LLM heuristic based on velocity
⚖️ RISK: Alpha=5.96 | ES_95=28.1388 | Size=0.00%
ANALYST: 🧠 Signal BUY | Conf 1.00 | FV 20.5637 | FA 4.7647 | Mock LLM heuristic based on velocity
⚖️ RISK: Alpha=5.96 | ES_95=28.9491 | Size=0.00%
ANALYST: 🧠 Signal BUY | Conf 1.00 | FV 21.4107 | FA 4.9262 | Mock LLM heuristic based on velocity
⚖️ RISK: Alpha=5.96 | ES_95=20.2338 | Size=0.00%
ANALYST: 🧠 Signal BUY | Conf 1.00 | FV 24.6158 | FA 5.6404 | Mock LLM heuristic based on velocity
⚖️ RISK: Alpha=6.16 | ES_95=42.0918 | Size=0.00%
ANALYST: 🧠 Signal BUY | Conf 1.00 | FV 24.1793 | FA 5.5815 | Mock LLM heuristic based on velocity
⚖️ RISK: Alpha=6.16 | ES_95=21.4608 | Size=0.00%
ANALYST: 🧠 Signal BUY | Conf 1.00 | FV 23.7477 | FA 5.4800 | Mock LLM heuristic based on velocity
⚖️ RISK: Alpha=6.16 | ES_95=16.3065 | Size=0.00%
ANALYST: 🧠 Signal BUY | Conf 1.00 | FV 20.2608 | FA 4.7103 | Mock LLM heuristic based on velocity
⚖️ RISK: Alpha=5.53 | ES_95=21.0820 | Size=15.28%
ANALYST: 🧠 Signal BUY | Conf 1.00 | FV 21.1269 | FA 4.8599 | Mock LLM heuristic based on velocity
⚖️ RISK: Alpha=5.53 | ES_95=32.2239 | Size=18.28%
ANALYST: 🧠 Signal BUY | Conf 1.00 | FV 19.7442 | FA 4.5684 | Mock LLM heuristic based on velocity
⚖️ RISK: Alpha=5.53 | ES_95=22.2717 | Size=20.00%
ANALYST: 🧠 Signal BUY | Conf 1.00 | FV 18.8916 | FA 4.3647 | Mock LLM heuristic based on velocity
⚖️ RISK: Alpha=5.53 | ES_95=24.2494 | Size=20.00%
ANALYST: 🧠 Signal BUY | Conf 1.00 | FV 20.4841 | FA 4.7049 | Mock LLM heuristic based on velocity
⚖️ RISK: Alpha=5.53 | ES_95=32.9780 | Size=20.00%
ANALYST: 🧠 Signal BUY | Conf 1.00 | FV 17.8000 | FA 4.1349 | Mock LLM heuristic based on velocity
⚖️ RISK: Alpha=5.53 | ES_95=28.1841 | Size=20.00%
ANALYST: 🧠 Signal BUY | Conf 1.00 | FV 20.6936 | FA 4.7377 | Mock LLM heuristic based on velocity
⚖️ RISK: Alpha=5.53 | ES_95=27.7953 | Size=20.00%
ANALYST: 🧠 Signal BUY | Conf 1.00 | FV 23.3676 | FA 5.3595 | Mock LLM heuristic based on velocity
⚖️ RISK: Alpha=5.53 | ES_95=19.8594 | Size=0.00%
ANALYST: 🧠 Signal BUY | Conf 1.00 | FV 24.2382 | FA 5.5801 | Mock LLM heuristic based on velocity
⚖️ RISK: Alpha=5.53 | ES_95=24.6413 | Size=18.68%
ANALYST: 🧠 Signal BUY | Conf 1.00 | FV 24.6082 | FA 5.6702 | Mock LLM heuristic based on velocity
⚖️ RISK: Alpha=5.53 | ES_95=24.6590 | Size=0.00%
ANALYST: 🧠 Signal BUY | Conf 1.00 | FV 24.8124 | FA 5.7189 | Mock LLM heuristic based on velocity
⚖️ RISK: Alpha=5.53 | ES_95=17.9179 | Size=0.00%
ANALYST: 🧠 Signal BUY | Conf 1.00 | FV 23.1784 | FA 5.3626 | Mock LLM heuristic based on velocity
⚖️ RISK: Alpha=5.53 | ES_95=16.3380 | Size=6.96%
ANALYST: 🧠 Signal BUY | Conf 1.00 | FV 23.4424 | FA 5.4014 | Mock LLM heuristic based on velocity
⚖️ RISK: Alpha=5.53 | ES_95=11.9607 | Size=1.85%
ANALYST: 🧠 Signal BUY | Conf 1.00 | FV 23.9019 | FA 5.5062 | Mock LLM heuristic based on velocity
⚖️ RISK: Alpha=5.53 | ES_95=15.9575 | Size=0.00%
ANALYST: 🧠 Signal BUY | Conf 1.00 | FV 23.6708 | FA 5.4606 | Mock LLM heuristic based on velocity
⚖️ RISK: Alpha=5.53 | ES_95=16.7690 | Size=0.00%
ANALYST: 🧠 Signal BUY | Conf 1.00 | FV 23.7830 | FA 5.4823 | Mock LLM heuristic based on velocity
⚖️ RISK: Alpha=5.53 | ES_95=11.9861 | Size=0.00%
ANALYST: 🧠 Signal BUY | Conf 1.00 | FV 22.9250 | FA 5.2955 | Mock LLM heuristic based on velocity
⚖️ RISK: Alpha=5.53 | ES_95=23.9798 | Size=0.00%
ANALYST: 🧠 Signal BUY | Conf 1.00 | FV 22.7834 | FA 5.2544 | Mock LLM heuristic based on velocity
⚖️ RISK: Alpha=5.53 | ES_95=33.1684 | Size=0.00%
ANALYST: 🧠 Signal BUY | Conf 1.00 | FV 24.0965 | FA 5.5413 | Mock LLM heuristic based on velocity
⚖️ RISK: Alpha=5.53 | ES_95=32.3700 | Size=0.00%
ANALYST: 🧠 Signal BUY | Conf 1.00 | FV 24.1041 | FA 5.5583 | Mock LLM heuristic based on velocity
⚖️ RISK: Alpha=5.53 | ES_95=29.1755 | Size=0.00%
ANALYST: 🧠 Signal BUY | Conf 1.00 | FV 21.6257 | FA 5.0139 | Mock LLM heuristic based on velocity
⚖️ RISK: Alpha=5.53 | ES_95=20.3849 | Size=0.00%
ANALYST: 🧠 Signal BUY | Conf 1.00 | FV 21.8292 | FA 5.0297 | Mock LLM heuristic based on velocity
⚖️ RISK: Alpha=5.53 | ES_95=19.9838 | Size=1.17%
2025-03-26 04:00:00+00:00 | BUY    | 2.99   | $0.00           | ❌
2025-03-27 04:00:00+00:00 | BUY    | 2.99   | $0.00           | ❌
2025-03-28 04:00:00+00:00 | BUY    | 4.30   | $0.00           | ❌
2025-03-31 04:00:00+00:00 | BUY    | 4.30   | $0.00           | ❌
2025-04-01 04:00:00+00:00 | BUY    | 4.30   | $0.00           | ❌
